Archive member included to satisfy reference by file (symbol)

build/lib/Release\libgpio.a(gpio.o)
                              build/Release/main.o (gpio_config_mode)
build/lib/Release\libadc.a(adc.o)
                              build/Release/main.o (adc_config_ind_scan)
build/lib/Release\libdelay.a(delay.o)
                              build/Release/main.o (delay_init)
e:/david/documents/megasync/trabajo/stm/.dspboardsdk/gcc/bin/../lib/gcc/arm-none-eabi/10.3.1/../../../../arm-none-eabi/lib/thumb/v7e-m+fp/hard\libc_nano.a(lib_a-exit.o)
                              e:/david/documents/megasync/trabajo/stm/.dspboardsdk/gcc/bin/../lib/gcc/arm-none-eabi/10.3.1/../../../../arm-none-eabi/lib/thumb/v7e-m+fp/hard/crt0.o (exit)
e:/david/documents/megasync/trabajo/stm/.dspboardsdk/gcc/bin/../lib/gcc/arm-none-eabi/10.3.1/../../../../arm-none-eabi/lib/thumb/v7e-m+fp/hard\libc_nano.a(lib_a-impure.o)
                              e:/david/documents/megasync/trabajo/stm/.dspboardsdk/gcc/bin/../lib/gcc/arm-none-eabi/10.3.1/../../../../arm-none-eabi/lib/thumb/v7e-m+fp/hard\libc_nano.a(lib_a-exit.o) (_global_impure_ptr)
e:/david/documents/megasync/trabajo/stm/.dspboardsdk/gcc/bin/../lib/gcc/arm-none-eabi/10.3.1/../../../../arm-none-eabi/lib/thumb/v7e-m+fp/hard\libc_nano.a(lib_a-init.o)
                              e:/david/documents/megasync/trabajo/stm/.dspboardsdk/gcc/bin/../lib/gcc/arm-none-eabi/10.3.1/../../../../arm-none-eabi/lib/thumb/v7e-m+fp/hard/crt0.o (__libc_init_array)
e:/david/documents/megasync/trabajo/stm/.dspboardsdk/gcc/bin/../lib/gcc/arm-none-eabi/10.3.1/../../../../arm-none-eabi/lib/thumb/v7e-m+fp/hard\libc_nano.a(lib_a-memset.o)
                              e:/david/documents/megasync/trabajo/stm/.dspboardsdk/gcc/bin/../lib/gcc/arm-none-eabi/10.3.1/../../../../arm-none-eabi/lib/thumb/v7e-m+fp/hard/crt0.o (memset)
e:/david/documents/megasync/trabajo/stm/.dspboardsdk/gcc/bin/../lib/gcc/arm-none-eabi/10.3.1/../../../../arm-none-eabi/lib/thumb/v7e-m+fp/hard\libnosys.a(_exit.o)
                              e:/david/documents/megasync/trabajo/stm/.dspboardsdk/gcc/bin/../lib/gcc/arm-none-eabi/10.3.1/../../../../arm-none-eabi/lib/thumb/v7e-m+fp/hard\libc_nano.a(lib_a-exit.o) (_exit)

Discarded input sections

 .text          0x00000000        0x0 e:/david/documents/megasync/trabajo/stm/.dspboardsdk/gcc/bin/../lib/gcc/arm-none-eabi/10.3.1/thumb/v7e-m+fp/hard/crti.o
 .data          0x00000000        0x0 e:/david/documents/megasync/trabajo/stm/.dspboardsdk/gcc/bin/../lib/gcc/arm-none-eabi/10.3.1/thumb/v7e-m+fp/hard/crti.o
 .bss           0x00000000        0x0 e:/david/documents/megasync/trabajo/stm/.dspboardsdk/gcc/bin/../lib/gcc/arm-none-eabi/10.3.1/thumb/v7e-m+fp/hard/crti.o
 .data          0x00000000        0x4 e:/david/documents/megasync/trabajo/stm/.dspboardsdk/gcc/bin/../lib/gcc/arm-none-eabi/10.3.1/thumb/v7e-m+fp/hard/crtbegin.o
 .rodata        0x00000000       0x24 e:/david/documents/megasync/trabajo/stm/.dspboardsdk/gcc/bin/../lib/gcc/arm-none-eabi/10.3.1/thumb/v7e-m+fp/hard/crtbegin.o
 .text          0x00000000       0x7c e:/david/documents/megasync/trabajo/stm/.dspboardsdk/gcc/bin/../lib/gcc/arm-none-eabi/10.3.1/../../../../arm-none-eabi/lib/thumb/v7e-m+fp/hard/crt0.o
 .data          0x00000000        0x0 e:/david/documents/megasync/trabajo/stm/.dspboardsdk/gcc/bin/../lib/gcc/arm-none-eabi/10.3.1/../../../../arm-none-eabi/lib/thumb/v7e-m+fp/hard/crt0.o
 .bss           0x00000000        0x0 e:/david/documents/megasync/trabajo/stm/.dspboardsdk/gcc/bin/../lib/gcc/arm-none-eabi/10.3.1/../../../../arm-none-eabi/lib/thumb/v7e-m+fp/hard/crt0.o
 .ARM.extab     0x00000000        0x0 e:/david/documents/megasync/trabajo/stm/.dspboardsdk/gcc/bin/../lib/gcc/arm-none-eabi/10.3.1/../../../../arm-none-eabi/lib/thumb/v7e-m+fp/hard/crt0.o
 .ARM.exidx     0x00000000       0x10 e:/david/documents/megasync/trabajo/stm/.dspboardsdk/gcc/bin/../lib/gcc/arm-none-eabi/10.3.1/../../../../arm-none-eabi/lib/thumb/v7e-m+fp/hard/crt0.o
 .ARM.attributes
                0x00000000       0x1c e:/david/documents/megasync/trabajo/stm/.dspboardsdk/gcc/bin/../lib/gcc/arm-none-eabi/10.3.1/../../../../arm-none-eabi/lib/thumb/v7e-m+fp/hard/crt0.o
 .text          0x00000000        0x0 build/Release/system_stm32f4xx.o
 .data          0x00000000        0x0 build/Release/system_stm32f4xx.o
 .bss           0x00000000        0x0 build/Release/system_stm32f4xx.o
 .rodata.APBPrescTable
                0x00000000        0x8 build/Release/system_stm32f4xx.o
 .text          0x00000000        0x0 build/Release/main.o
 .data          0x00000000        0x0 build/Release/main.o
 .bss           0x00000000        0x0 build/Release/main.o
 .text          0x00000000       0x28 build/Release/startup_stm32f407xx.o
 .data          0x00000000        0x0 build/Release/startup_stm32f407xx.o
 .bss           0x00000000        0x0 build/Release/startup_stm32f407xx.o
 .text          0x00000000        0x0 build/lib/Release\libgpio.a(gpio.o)
 .data          0x00000000        0x0 build/lib/Release\libgpio.a(gpio.o)
 .bss           0x00000000        0x0 build/lib/Release\libgpio.a(gpio.o)
 .text.gpio_config_lock
                0x00000000       0x54 build/lib/Release\libgpio.a(gpio.o)
 .text.gpio_config_all
                0x00000000       0xc4 build/lib/Release\libgpio.a(gpio.o)
 .text.gpio_config_speed
                0x00000000       0x30 build/lib/Release\libgpio.a(gpio.o)
 .text.gpio_config_input_pull_mode
                0x00000000       0x30 build/lib/Release\libgpio.a(gpio.o)
 .text.gpio_config_af
                0x00000000       0x78 build/lib/Release\libgpio.a(gpio.o)
 .text          0x00000000        0x0 build/lib/Release\libadc.a(adc.o)
 .data          0x00000000        0x0 build/lib/Release\libadc.a(adc.o)
 .bss           0x00000000        0x0 build/lib/Release\libadc.a(adc.o)
 .text.adc_config_seq_ijt
                0x00000000       0x3c build/lib/Release\libadc.a(adc.o)
 .bss.adc_sequencer_ijt
                0x00000000       0x20 build/lib/Release\libadc.a(adc.o)
 .text          0x00000000        0x0 build/lib/Release\libdelay.a(delay.o)
 .data          0x00000000        0x0 build/lib/Release\libdelay.a(delay.o)
 .bss           0x00000000        0x0 build/lib/Release\libdelay.a(delay.o)
 .text          0x00000000        0x0 e:/david/documents/megasync/trabajo/stm/.dspboardsdk/gcc/bin/../lib/gcc/arm-none-eabi/10.3.1/../../../../arm-none-eabi/lib/thumb/v7e-m+fp/hard\libc_nano.a(lib_a-exit.o)
 .data          0x00000000        0x0 e:/david/documents/megasync/trabajo/stm/.dspboardsdk/gcc/bin/../lib/gcc/arm-none-eabi/10.3.1/../../../../arm-none-eabi/lib/thumb/v7e-m+fp/hard\libc_nano.a(lib_a-exit.o)
 .bss           0x00000000        0x0 e:/david/documents/megasync/trabajo/stm/.dspboardsdk/gcc/bin/../lib/gcc/arm-none-eabi/10.3.1/../../../../arm-none-eabi/lib/thumb/v7e-m+fp/hard\libc_nano.a(lib_a-exit.o)
 .text.exit     0x00000000       0x28 e:/david/documents/megasync/trabajo/stm/.dspboardsdk/gcc/bin/../lib/gcc/arm-none-eabi/10.3.1/../../../../arm-none-eabi/lib/thumb/v7e-m+fp/hard\libc_nano.a(lib_a-exit.o)
 .debug_frame   0x00000000       0x28 e:/david/documents/megasync/trabajo/stm/.dspboardsdk/gcc/bin/../lib/gcc/arm-none-eabi/10.3.1/../../../../arm-none-eabi/lib/thumb/v7e-m+fp/hard\libc_nano.a(lib_a-exit.o)
 .ARM.attributes
                0x00000000       0x34 e:/david/documents/megasync/trabajo/stm/.dspboardsdk/gcc/bin/../lib/gcc/arm-none-eabi/10.3.1/../../../../arm-none-eabi/lib/thumb/v7e-m+fp/hard\libc_nano.a(lib_a-exit.o)
 .text          0x00000000        0x0 e:/david/documents/megasync/trabajo/stm/.dspboardsdk/gcc/bin/../lib/gcc/arm-none-eabi/10.3.1/../../../../arm-none-eabi/lib/thumb/v7e-m+fp/hard\libc_nano.a(lib_a-impure.o)
 .data          0x00000000        0x0 e:/david/documents/megasync/trabajo/stm/.dspboardsdk/gcc/bin/../lib/gcc/arm-none-eabi/10.3.1/../../../../arm-none-eabi/lib/thumb/v7e-m+fp/hard\libc_nano.a(lib_a-impure.o)
 .bss           0x00000000        0x0 e:/david/documents/megasync/trabajo/stm/.dspboardsdk/gcc/bin/../lib/gcc/arm-none-eabi/10.3.1/../../../../arm-none-eabi/lib/thumb/v7e-m+fp/hard\libc_nano.a(lib_a-impure.o)
 .data._impure_ptr
                0x00000000        0x4 e:/david/documents/megasync/trabajo/stm/.dspboardsdk/gcc/bin/../lib/gcc/arm-none-eabi/10.3.1/../../../../arm-none-eabi/lib/thumb/v7e-m+fp/hard\libc_nano.a(lib_a-impure.o)
 .data.impure_data
                0x00000000       0x60 e:/david/documents/megasync/trabajo/stm/.dspboardsdk/gcc/bin/../lib/gcc/arm-none-eabi/10.3.1/../../../../arm-none-eabi/lib/thumb/v7e-m+fp/hard\libc_nano.a(lib_a-impure.o)
 .rodata._global_impure_ptr
                0x00000000        0x4 e:/david/documents/megasync/trabajo/stm/.dspboardsdk/gcc/bin/../lib/gcc/arm-none-eabi/10.3.1/../../../../arm-none-eabi/lib/thumb/v7e-m+fp/hard\libc_nano.a(lib_a-impure.o)
 .ARM.attributes
                0x00000000       0x34 e:/david/documents/megasync/trabajo/stm/.dspboardsdk/gcc/bin/../lib/gcc/arm-none-eabi/10.3.1/../../../../arm-none-eabi/lib/thumb/v7e-m+fp/hard\libc_nano.a(lib_a-impure.o)
 .text          0x00000000        0x0 e:/david/documents/megasync/trabajo/stm/.dspboardsdk/gcc/bin/../lib/gcc/arm-none-eabi/10.3.1/../../../../arm-none-eabi/lib/thumb/v7e-m+fp/hard\libc_nano.a(lib_a-init.o)
 .data          0x00000000        0x0 e:/david/documents/megasync/trabajo/stm/.dspboardsdk/gcc/bin/../lib/gcc/arm-none-eabi/10.3.1/../../../../arm-none-eabi/lib/thumb/v7e-m+fp/hard\libc_nano.a(lib_a-init.o)
 .bss           0x00000000        0x0 e:/david/documents/megasync/trabajo/stm/.dspboardsdk/gcc/bin/../lib/gcc/arm-none-eabi/10.3.1/../../../../arm-none-eabi/lib/thumb/v7e-m+fp/hard\libc_nano.a(lib_a-init.o)
 .text          0x00000000        0x0 e:/david/documents/megasync/trabajo/stm/.dspboardsdk/gcc/bin/../lib/gcc/arm-none-eabi/10.3.1/../../../../arm-none-eabi/lib/thumb/v7e-m+fp/hard\libc_nano.a(lib_a-memset.o)
 .data          0x00000000        0x0 e:/david/documents/megasync/trabajo/stm/.dspboardsdk/gcc/bin/../lib/gcc/arm-none-eabi/10.3.1/../../../../arm-none-eabi/lib/thumb/v7e-m+fp/hard\libc_nano.a(lib_a-memset.o)
 .bss           0x00000000        0x0 e:/david/documents/megasync/trabajo/stm/.dspboardsdk/gcc/bin/../lib/gcc/arm-none-eabi/10.3.1/../../../../arm-none-eabi/lib/thumb/v7e-m+fp/hard\libc_nano.a(lib_a-memset.o)
 .text.memset   0x00000000       0x10 e:/david/documents/megasync/trabajo/stm/.dspboardsdk/gcc/bin/../lib/gcc/arm-none-eabi/10.3.1/../../../../arm-none-eabi/lib/thumb/v7e-m+fp/hard\libc_nano.a(lib_a-memset.o)
 .debug_frame   0x00000000       0x20 e:/david/documents/megasync/trabajo/stm/.dspboardsdk/gcc/bin/../lib/gcc/arm-none-eabi/10.3.1/../../../../arm-none-eabi/lib/thumb/v7e-m+fp/hard\libc_nano.a(lib_a-memset.o)
 .ARM.attributes
                0x00000000       0x34 e:/david/documents/megasync/trabajo/stm/.dspboardsdk/gcc/bin/../lib/gcc/arm-none-eabi/10.3.1/../../../../arm-none-eabi/lib/thumb/v7e-m+fp/hard\libc_nano.a(lib_a-memset.o)
 .text          0x00000000        0x0 e:/david/documents/megasync/trabajo/stm/.dspboardsdk/gcc/bin/../lib/gcc/arm-none-eabi/10.3.1/../../../../arm-none-eabi/lib/thumb/v7e-m+fp/hard\libnosys.a(_exit.o)
 .data          0x00000000        0x0 e:/david/documents/megasync/trabajo/stm/.dspboardsdk/gcc/bin/../lib/gcc/arm-none-eabi/10.3.1/../../../../arm-none-eabi/lib/thumb/v7e-m+fp/hard\libnosys.a(_exit.o)
 .bss           0x00000000        0x0 e:/david/documents/megasync/trabajo/stm/.dspboardsdk/gcc/bin/../lib/gcc/arm-none-eabi/10.3.1/../../../../arm-none-eabi/lib/thumb/v7e-m+fp/hard\libnosys.a(_exit.o)
 .text._exit    0x00000000        0x4 e:/david/documents/megasync/trabajo/stm/.dspboardsdk/gcc/bin/../lib/gcc/arm-none-eabi/10.3.1/../../../../arm-none-eabi/lib/thumb/v7e-m+fp/hard\libnosys.a(_exit.o)
 .debug_frame   0x00000000       0x20 e:/david/documents/megasync/trabajo/stm/.dspboardsdk/gcc/bin/../lib/gcc/arm-none-eabi/10.3.1/../../../../arm-none-eabi/lib/thumb/v7e-m+fp/hard\libnosys.a(_exit.o)
 .ARM.attributes
                0x00000000       0x34 e:/david/documents/megasync/trabajo/stm/.dspboardsdk/gcc/bin/../lib/gcc/arm-none-eabi/10.3.1/../../../../arm-none-eabi/lib/thumb/v7e-m+fp/hard\libnosys.a(_exit.o)
 .text          0x00000000        0x0 e:/david/documents/megasync/trabajo/stm/.dspboardsdk/gcc/bin/../lib/gcc/arm-none-eabi/10.3.1/thumb/v7e-m+fp/hard/crtend.o
 .data          0x00000000        0x0 e:/david/documents/megasync/trabajo/stm/.dspboardsdk/gcc/bin/../lib/gcc/arm-none-eabi/10.3.1/thumb/v7e-m+fp/hard/crtend.o
 .bss           0x00000000        0x0 e:/david/documents/megasync/trabajo/stm/.dspboardsdk/gcc/bin/../lib/gcc/arm-none-eabi/10.3.1/thumb/v7e-m+fp/hard/crtend.o
 .rodata        0x00000000       0x24 e:/david/documents/megasync/trabajo/stm/.dspboardsdk/gcc/bin/../lib/gcc/arm-none-eabi/10.3.1/thumb/v7e-m+fp/hard/crtend.o
 .eh_frame      0x00000000        0x4 e:/david/documents/megasync/trabajo/stm/.dspboardsdk/gcc/bin/../lib/gcc/arm-none-eabi/10.3.1/thumb/v7e-m+fp/hard/crtend.o
 .ARM.attributes
                0x00000000       0x34 e:/david/documents/megasync/trabajo/stm/.dspboardsdk/gcc/bin/../lib/gcc/arm-none-eabi/10.3.1/thumb/v7e-m+fp/hard/crtend.o
 .text          0x00000000        0x0 e:/david/documents/megasync/trabajo/stm/.dspboardsdk/gcc/bin/../lib/gcc/arm-none-eabi/10.3.1/thumb/v7e-m+fp/hard/crtn.o
 .data          0x00000000        0x0 e:/david/documents/megasync/trabajo/stm/.dspboardsdk/gcc/bin/../lib/gcc/arm-none-eabi/10.3.1/thumb/v7e-m+fp/hard/crtn.o
 .bss           0x00000000        0x0 e:/david/documents/megasync/trabajo/stm/.dspboardsdk/gcc/bin/../lib/gcc/arm-none-eabi/10.3.1/thumb/v7e-m+fp/hard/crtn.o

Memory Configuration

Name             Origin             Length             Attributes
FLASH            0x08000000         0x00080000         xr
RAM              0x20000000         0x00020000         xrw
CCMRAM           0x10000000         0x00010000         xrw
BRAM             0x40024000         0x00001000         rw
*default*        0x00000000         0xffffffff

Linker script and memory map

LOAD e:/david/documents/megasync/trabajo/stm/.dspboardsdk/gcc/bin/../lib/gcc/arm-none-eabi/10.3.1/thumb/v7e-m+fp/hard/crti.o
LOAD e:/david/documents/megasync/trabajo/stm/.dspboardsdk/gcc/bin/../lib/gcc/arm-none-eabi/10.3.1/thumb/v7e-m+fp/hard/crtbegin.o
LOAD e:/david/documents/megasync/trabajo/stm/.dspboardsdk/gcc/bin/../lib/gcc/arm-none-eabi/10.3.1/../../../../arm-none-eabi/lib/thumb/v7e-m+fp/hard/crt0.o
LOAD build/Release/system_stm32f4xx.o
LOAD build/Release/main.o
LOAD build/Release/startup_stm32f407xx.o
LOAD build/lib/Release\librcc.a
LOAD build/lib/Release\libflash.a
LOAD build/lib/Release\libgpio.a
LOAD build/lib/Release\libadc.a
LOAD build/lib/Release\libdelay.a
LOAD e:/david/documents/megasync/trabajo/stm/.dspboardsdk/gcc/bin/../lib/gcc/arm-none-eabi/10.3.1/../../../../arm-none-eabi/lib/thumb/v7e-m+fp/hard\libc_nano.a
LOAD e:/david/documents/megasync/trabajo/stm/.dspboardsdk/gcc/bin/../lib/gcc/arm-none-eabi/10.3.1/../../../../arm-none-eabi/lib/thumb/v7e-m+fp/hard\libm.a
LOAD e:/david/documents/megasync/trabajo/stm/.dspboardsdk/gcc/bin/../lib/gcc/arm-none-eabi/10.3.1/../../../../arm-none-eabi/lib/thumb/v7e-m+fp/hard\libnosys.a
START GROUP
LOAD e:/david/documents/megasync/trabajo/stm/.dspboardsdk/gcc/bin/../lib/gcc/arm-none-eabi/10.3.1/thumb/v7e-m+fp/hard\libgcc.a
LOAD e:/david/documents/megasync/trabajo/stm/.dspboardsdk/gcc/bin/../lib/gcc/arm-none-eabi/10.3.1/../../../../arm-none-eabi/lib/thumb/v7e-m+fp/hard\libc_nano.a
END GROUP
START GROUP
LOAD e:/david/documents/megasync/trabajo/stm/.dspboardsdk/gcc/bin/../lib/gcc/arm-none-eabi/10.3.1/thumb/v7e-m+fp/hard\libgcc.a
LOAD e:/david/documents/megasync/trabajo/stm/.dspboardsdk/gcc/bin/../lib/gcc/arm-none-eabi/10.3.1/../../../../arm-none-eabi/lib/thumb/v7e-m+fp/hard\libc_nano.a
LOAD e:/david/documents/megasync/trabajo/stm/.dspboardsdk/gcc/bin/../lib/gcc/arm-none-eabi/10.3.1/../../../../arm-none-eabi/lib/thumb/v7e-m+fp/hard\libnosys.a
END GROUP
START GROUP
LOAD e:/david/documents/megasync/trabajo/stm/.dspboardsdk/gcc/bin/../lib/gcc/arm-none-eabi/10.3.1/thumb/v7e-m+fp/hard\libgcc.a
LOAD e:/david/documents/megasync/trabajo/stm/.dspboardsdk/gcc/bin/../lib/gcc/arm-none-eabi/10.3.1/../../../../arm-none-eabi/lib/thumb/v7e-m+fp/hard\libc_nano.a
LOAD e:/david/documents/megasync/trabajo/stm/.dspboardsdk/gcc/bin/../lib/gcc/arm-none-eabi/10.3.1/../../../../arm-none-eabi/lib/thumb/v7e-m+fp/hard\libnosys.a
END GROUP
LOAD e:/david/documents/megasync/trabajo/stm/.dspboardsdk/gcc/bin/../lib/gcc/arm-none-eabi/10.3.1/thumb/v7e-m+fp/hard/crtend.o
LOAD e:/david/documents/megasync/trabajo/stm/.dspboardsdk/gcc/bin/../lib/gcc/arm-none-eabi/10.3.1/thumb/v7e-m+fp/hard/crtn.o
                0x20020000                _estack = (ORIGIN (RAM) + LENGTH (RAM))
                0x00000000                _Min_Heap_Size = 0x0
                0x00000400                _Min_Stack_Size = 0x400

.isr_vector     0x08000000      0x1a8
                0x08000000                . = ALIGN (0x4)
 *(.isr_vector)
 .isr_vector    0x08000000      0x1a8 build/Release/startup_stm32f407xx.o
                0x08000000                g_pfnVectors
                0x080001a8                . = ALIGN (0x4)

.text           0x080001a8      0x400
                0x080001a8                . = ALIGN (0x4)
 *(.text)
 .text          0x080001a8       0x40 e:/david/documents/megasync/trabajo/stm/.dspboardsdk/gcc/bin/../lib/gcc/arm-none-eabi/10.3.1/thumb/v7e-m+fp/hard/crtbegin.o
 *(.text*)
 .text.SystemInit
                0x080001e8       0x14 build/Release/system_stm32f4xx.o
                0x080001e8                SystemInit
 .text.SystemCoreClockUpdate
                0x080001fc       0x70 build/Release/system_stm32f4xx.o
                0x080001fc                SystemCoreClockUpdate
 .text.startup.sys_clk_update
                0x0800026c       0x10 build/Release/main.o
 .text.startup.main
                0x0800027c       0xb4 build/Release/main.o
                0x0800027c                main
 .text.Reset_Handler
                0x08000330       0x8c build/Release/startup_stm32f407xx.o
                0x08000330                Reset_Handler
 .text.Default_Handler
                0x080003bc        0x2 build/Release/startup_stm32f407xx.o
                0x080003bc                RTC_Alarm_IRQHandler
                0x080003bc                HASH_RNG_IRQHandler
                0x080003bc                EXTI2_IRQHandler
                0x080003bc                TIM8_CC_IRQHandler
                0x080003bc                DebugMon_Handler
                0x080003bc                TIM1_CC_IRQHandler
                0x080003bc                DMA2_Stream5_IRQHandler
                0x080003bc                HardFault_Handler
                0x080003bc                DMA1_Stream5_IRQHandler
                0x080003bc                SysTick_Handler
                0x080003bc                PVD_IRQHandler
                0x080003bc                SDIO_IRQHandler
                0x080003bc                TAMP_STAMP_IRQHandler
                0x080003bc                PendSV_Handler
                0x080003bc                NMI_Handler
                0x080003bc                CAN2_RX1_IRQHandler
                0x080003bc                EXTI3_IRQHandler
                0x080003bc                TIM8_TRG_COM_TIM14_IRQHandler
                0x080003bc                TIM1_UP_TIM10_IRQHandler
                0x080003bc                TIM8_UP_TIM13_IRQHandler
                0x080003bc                I2C3_ER_IRQHandler
                0x080003bc                LCD_TFT_IRQHandler
                0x080003bc                EXTI0_IRQHandler
                0x080003bc                I2C2_EV_IRQHandler
                0x080003bc                DMA1_Stream2_IRQHandler
                0x080003bc                CAN1_RX0_IRQHandler
                0x080003bc                FPU_IRQHandler
                0x080003bc                OTG_HS_WKUP_IRQHandler
                0x080003bc                UsageFault_Handler
                0x080003bc                CAN2_SCE_IRQHandler
                0x080003bc                DMA2_Stream2_IRQHandler
                0x080003bc                SPI1_IRQHandler
                0x080003bc                TIM6_DAC_IRQHandler
                0x080003bc                TIM1_BRK_TIM9_IRQHandler
                0x080003bc                DCMI_IRQHandler
                0x080003bc                CAN2_RX0_IRQHandler
                0x080003bc                DMA2_Stream3_IRQHandler
                0x080003bc                USART6_IRQHandler
                0x080003bc                USART3_IRQHandler
                0x080003bc                CRYP_IRQHandler
                0x080003bc                CAN1_RX1_IRQHandler
                0x080003bc                UART5_IRQHandler
                0x080003bc                DMA2_Stream0_IRQHandler
                0x080003bc                TIM4_IRQHandler
                0x080003bc                I2C1_EV_IRQHandler
                0x080003bc                DMA1_Stream6_IRQHandler
                0x080003bc                DMA1_Stream1_IRQHandler
                0x080003bc                UART4_IRQHandler
                0x080003bc                LCD_TFT_1_IRQHandler
                0x080003bc                TIM3_IRQHandler
                0x080003bc                RCC_IRQHandler
                0x080003bc                TIM8_BRK_TIM12_IRQHandler
                0x080003bc                Default_Handler
                0x080003bc                EXTI15_10_IRQHandler
                0x080003bc                ADC_IRQHandler
                0x080003bc                DMA1_Stream7_IRQHandler
                0x080003bc                TIM7_IRQHandler
                0x080003bc                CAN2_TX_IRQHandler
                0x080003bc                TIM5_IRQHandler
                0x080003bc                DMA2_Stream7_IRQHandler
                0x080003bc                I2C3_EV_IRQHandler
                0x080003bc                EXTI9_5_IRQHandler
                0x080003bc                RTC_WKUP_IRQHandler
                0x080003bc                ETH_WKUP_IRQHandler
                0x080003bc                SPI2_IRQHandler
                0x080003bc                OTG_HS_EP1_IN_IRQHandler
                0x080003bc                MemManage_Handler
                0x080003bc                DMA1_Stream0_IRQHandler
                0x080003bc                CAN1_TX_IRQHandler
                0x080003bc                SVC_Handler
                0x080003bc                EXTI4_IRQHandler
                0x080003bc                FSMC_IRQHandler
                0x080003bc                ETH_IRQHandler
                0x080003bc                OTG_HS_EP1_OUT_IRQHandler
                0x080003bc                WWDG_IRQHandler
                0x080003bc                TIM2_IRQHandler
                0x080003bc                OTG_FS_WKUP_IRQHandler
                0x080003bc                TIM1_TRG_COM_TIM11_IRQHandler
                0x080003bc                OTG_HS_IRQHandler
                0x080003bc                EXTI1_IRQHandler
                0x080003bc                USART2_IRQHandler
                0x080003bc                I2C2_ER_IRQHandler
                0x080003bc                DMA2_Stream1_IRQHandler
                0x080003bc                CAN1_SCE_IRQHandler
                0x080003bc                DMA2_Stream4_IRQHandler
                0x080003bc                BusFault_Handler
                0x080003bc                USART1_IRQHandler
                0x080003bc                OTG_FS_IRQHandler
                0x080003bc                SPI3_IRQHandler
                0x080003bc                DMA1_Stream4_IRQHandler
                0x080003bc                I2C1_ER_IRQHandler
                0x080003bc                DMA2_Stream6_IRQHandler
                0x080003bc                DMA1_Stream3_IRQHandler
 *fill*         0x080003be        0x2 
 .text.startup.sys_clk_update
                0x080003c0       0x10 build/lib/Release\libgpio.a(gpio.o)
 .text.gpio_config_mode
                0x080003d0       0x30 build/lib/Release\libgpio.a(gpio.o)
                0x080003d0                gpio_config_mode
 .text.startup.sys_clk_update
                0x08000400       0x10 build/lib/Release\libadc.a(adc.o)
 .text.adc_config_ind_scan
                0x08000410       0x30 build/lib/Release\libadc.a(adc.o)
                0x08000410                adc_config_ind_scan
 .text.adc_config_seq_rgl
                0x08000440       0x68 build/lib/Release\libadc.a(adc.o)
                0x08000440                adc_config_seq_rgl
 .text.adc_read_ind_scan
                0x080004a8       0x3c build/lib/Release\libadc.a(adc.o)
                0x080004a8                adc_read_ind_scan
 .text.startup.sys_clk_update
                0x080004e4       0x10 build/lib/Release\libdelay.a(delay.o)
 .text.delay_init
                0x080004f4       0x3c build/lib/Release\libdelay.a(delay.o)
                0x080004f4                delay_init
 .text.delay_ms
                0x08000530       0x18 build/lib/Release\libdelay.a(delay.o)
                0x08000530                delay_ms
 .text.__libc_init_array
                0x08000548       0x48 e:/david/documents/megasync/trabajo/stm/.dspboardsdk/gcc/bin/../lib/gcc/arm-none-eabi/10.3.1/../../../../arm-none-eabi/lib/thumb/v7e-m+fp/hard\libc_nano.a(lib_a-init.o)
                0x08000548                __libc_init_array
 *(.glue_7)
 .glue_7        0x08000590        0x0 linker stubs
 *(.glue_7t)
 .glue_7t       0x08000590        0x0 linker stubs
 *(.eh_frame)
 .eh_frame      0x08000590        0x0 e:/david/documents/megasync/trabajo/stm/.dspboardsdk/gcc/bin/../lib/gcc/arm-none-eabi/10.3.1/thumb/v7e-m+fp/hard/crtbegin.o
 *(.init)
 .init          0x08000590        0x4 e:/david/documents/megasync/trabajo/stm/.dspboardsdk/gcc/bin/../lib/gcc/arm-none-eabi/10.3.1/thumb/v7e-m+fp/hard/crti.o
                0x08000590                _init
 .init          0x08000594        0x8 e:/david/documents/megasync/trabajo/stm/.dspboardsdk/gcc/bin/../lib/gcc/arm-none-eabi/10.3.1/thumb/v7e-m+fp/hard/crtn.o
 *(.fini)
 .fini          0x0800059c        0x4 e:/david/documents/megasync/trabajo/stm/.dspboardsdk/gcc/bin/../lib/gcc/arm-none-eabi/10.3.1/thumb/v7e-m+fp/hard/crti.o
                0x0800059c                _fini
 .fini          0x080005a0        0x8 e:/david/documents/megasync/trabajo/stm/.dspboardsdk/gcc/bin/../lib/gcc/arm-none-eabi/10.3.1/thumb/v7e-m+fp/hard/crtn.o
                0x080005a8                . = ALIGN (0x4)
                0x080005a8                _etext = .

.vfp11_veneer   0x080005a8        0x0
 .vfp11_veneer  0x080005a8        0x0 linker stubs

.v4_bx          0x080005a8        0x0
 .v4_bx         0x080005a8        0x0 linker stubs

.iplt           0x080005a8        0x0
 .iplt          0x080005a8        0x0 e:/david/documents/megasync/trabajo/stm/.dspboardsdk/gcc/bin/../lib/gcc/arm-none-eabi/10.3.1/thumb/v7e-m+fp/hard/crtbegin.o

.rodata         0x080005a8       0x18
                0x080005a8                . = ALIGN (0x4)
 *(.rodata)
 *(.rodata*)
 .rodata.AHBPrescTable
                0x080005a8       0x10 build/Release/system_stm32f4xx.o
                0x080005a8                AHBPrescTable
 .rodata.resbits_decode
                0x080005b8        0x8 build/lib/Release\libadc.a(adc.o)
                0x080005b8                resbits_decode
                0x080005c0                . = ALIGN (0x4)

.rel.dyn        0x080005c0        0x0
 .rel.iplt      0x080005c0        0x0 e:/david/documents/megasync/trabajo/stm/.dspboardsdk/gcc/bin/../lib/gcc/arm-none-eabi/10.3.1/thumb/v7e-m+fp/hard/crtbegin.o

.ARM.extab      0x080005c0        0x0
                0x080005c0                . = ALIGN (0x4)
 *(.ARM.extab* .gnu.linkonce.armextab.*)
                0x080005c0                . = ALIGN (0x4)

.ARM            0x080005c0        0x0
                0x080005c0                . = ALIGN (0x4)
                0x080005c0                __exidx_start = .
 *(.ARM.exidx*)
                0x080005c0                __exidx_end = .
                0x080005c0                . = ALIGN (0x4)

.preinit_array  0x080005c0        0x0
                0x080005c0                . = ALIGN (0x4)
                0x080005c0                PROVIDE (__preinit_array_start = .)
 *(.preinit_array*)
                0x080005c0                PROVIDE (__preinit_array_end = .)
                0x080005c0                . = ALIGN (0x4)

.init_array     0x080005c0       0x14
                0x080005c0                . = ALIGN (0x4)
                0x080005c0                PROVIDE (__init_array_start = .)
 *(SORT_BY_NAME(.init_array.*))
 *(.init_array*)
 .init_array    0x080005c0        0x4 e:/david/documents/megasync/trabajo/stm/.dspboardsdk/gcc/bin/../lib/gcc/arm-none-eabi/10.3.1/thumb/v7e-m+fp/hard/crtbegin.o
 .init_array    0x080005c4        0x4 build/Release/main.o
 .init_array    0x080005c8        0x4 build/lib/Release\libgpio.a(gpio.o)
 .init_array    0x080005cc        0x4 build/lib/Release\libadc.a(adc.o)
 .init_array    0x080005d0        0x4 build/lib/Release\libdelay.a(delay.o)
                0x080005d4                PROVIDE (__init_array_end = .)
                0x080005d4                . = ALIGN (0x4)

.fini_array     0x080005d4        0x4
                0x080005d4                . = ALIGN (0x4)
                [!provide]                PROVIDE (__fini_array_start = .)
 *(SORT_BY_NAME(.fini_array.*))
 *(.fini_array*)
 .fini_array    0x080005d4        0x4 e:/david/documents/megasync/trabajo/stm/.dspboardsdk/gcc/bin/../lib/gcc/arm-none-eabi/10.3.1/thumb/v7e-m+fp/hard/crtbegin.o
                [!provide]                PROVIDE (__fini_array_end = .)
                0x080005d8                . = ALIGN (0x4)
                0x080005d8                _sidata = LOADADDR (.data)

.data           0x20000000        0x4 load address 0x080005d8
                0x20000000                . = ALIGN (0x4)
                0x20000000                _sdata = .
 *(.data)
 *(.data*)
 .data.SystemCoreClock
                0x20000000        0x4 build/Release/system_stm32f4xx.o
                0x20000000                SystemCoreClock
 *(.ramFunc)
 *(.ramFunc*)
                0x20000004                . = ALIGN (0x4)
                0x20000004                _edata = .

.igot.plt       0x20000004        0x0 load address 0x080005dc
 .igot.plt      0x20000004        0x0 e:/david/documents/megasync/trabajo/stm/.dspboardsdk/gcc/bin/../lib/gcc/arm-none-eabi/10.3.1/thumb/v7e-m+fp/hard/crtbegin.o
                0x20000004                . = ALIGN (0x4)

.bss            0x20000004       0x98 load address 0x080005dc
                0x20000004                _sbss = .
                0x20000004                __bss_start__ = _sbss
 *(.bss)
 .bss           0x20000004       0x1c e:/david/documents/megasync/trabajo/stm/.dspboardsdk/gcc/bin/../lib/gcc/arm-none-eabi/10.3.1/thumb/v7e-m+fp/hard/crtbegin.o
 *(.bss*)
 .bss.adc_sequencer_rgl
                0x20000020       0x74 build/lib/Release\libadc.a(adc.o)
                0x20000020                adc_sequencer_rgl
 .bss.DELAY_CYCLES_MS
                0x20000094        0x4 build/lib/Release\libdelay.a(delay.o)
 .bss.DELAY_CYCLES_US
                0x20000098        0x4 build/lib/Release\libdelay.a(delay.o)
                0x20000098                DELAY_CYCLES_US
 *(COMMON)
                0x2000009c                . = ALIGN (0x4)
                0x2000009c                _ebss = .
                0x2000009c                __bss_end__ = _ebss

._user_heap_stack
                0x2000009c      0x404 load address 0x080005dc
                0x200000a0                . = ALIGN (0x8)
 *fill*         0x2000009c        0x4 
                [!provide]                PROVIDE (end = .)
                [!provide]                PROVIDE (_end = .)
                0x200000a0                . = (. + _Min_Heap_Size)
                0x200004a0                . = (. + _Min_Stack_Size)
 *fill*         0x200000a0      0x400 
                0x200004a0                . = ALIGN (0x8)
                0x080005dc                _siccmdata = LOADADDR (.ccmdata)

.ccmdata        0x10000000        0x0 load address 0x080005dc
                0x10000000                . = ALIGN (0x4)
                0x10000000                _sccmdata = .
 *(.ccmdata)
 *(.ccmdata*)
                0x10000000                . = ALIGN (0x4)
                0x10000000                _eccmdata = .
                0x10000000                . = ALIGN (0x4)

.ccmbss         0x10000000        0x0 load address 0x080005dc
                0x10000000                _sccmbss = .
 *(.ccmbss)
 *(.ccmbss*)
                0x10000000                . = ALIGN (0x4)
                0x10000000                _eccmbss = .

.bram           0x40024000        0x0
                0x40024000                . = ALIGN (0x4)
                0x40024000                _sbram = .
 *(.bram)
 *(.bram*)
                0x40024000                . = ALIGN (0x4)
                0x40024000                _ebram = .

/DISCARD/
 libc.a(*)
 libm.a(*)
 libgcc.a(*)

.ARM.attributes
                0x00000000       0x30
 *(.ARM.attributes)
 .ARM.attributes
                0x00000000       0x1e e:/david/documents/megasync/trabajo/stm/.dspboardsdk/gcc/bin/../lib/gcc/arm-none-eabi/10.3.1/thumb/v7e-m+fp/hard/crti.o
 .ARM.attributes
                0x0000001e       0x34 e:/david/documents/megasync/trabajo/stm/.dspboardsdk/gcc/bin/../lib/gcc/arm-none-eabi/10.3.1/thumb/v7e-m+fp/hard/crtbegin.o
 .ARM.attributes
                0x00000052       0x34 build/Release/system_stm32f4xx.o
 .ARM.attributes
                0x00000086       0x34 build/Release/main.o
 .ARM.attributes
                0x000000ba       0x21 build/Release/startup_stm32f407xx.o
 .ARM.attributes
                0x000000db       0x34 build/lib/Release\libgpio.a(gpio.o)
 .ARM.attributes
                0x0000010f       0x34 build/lib/Release\libadc.a(adc.o)
 .ARM.attributes
                0x00000143       0x34 build/lib/Release\libdelay.a(delay.o)
 .ARM.attributes
                0x00000177       0x34 e:/david/documents/megasync/trabajo/stm/.dspboardsdk/gcc/bin/../lib/gcc/arm-none-eabi/10.3.1/../../../../arm-none-eabi/lib/thumb/v7e-m+fp/hard\libc_nano.a(lib_a-init.o)
 .ARM.attributes
                0x000001ab       0x1e e:/david/documents/megasync/trabajo/stm/.dspboardsdk/gcc/bin/../lib/gcc/arm-none-eabi/10.3.1/thumb/v7e-m+fp/hard/crtn.o
OUTPUT(output/Release/test.elf elf32-littlearm)
LOAD linker stubs
LOAD e:/david/documents/megasync/trabajo/stm/.dspboardsdk/gcc/bin/../lib/gcc/arm-none-eabi/10.3.1/../../../../arm-none-eabi/lib/thumb/v7e-m+fp/hard\libc.a
LOAD e:/david/documents/megasync/trabajo/stm/.dspboardsdk/gcc/bin/../lib/gcc/arm-none-eabi/10.3.1/../../../../arm-none-eabi/lib/thumb/v7e-m+fp/hard\libm.a
LOAD e:/david/documents/megasync/trabajo/stm/.dspboardsdk/gcc/bin/../lib/gcc/arm-none-eabi/10.3.1/thumb/v7e-m+fp/hard\libgcc.a

.debug_info     0x00000000     0x1f74
 .debug_info    0x00000000      0x531 build/Release/system_stm32f4xx.o
 .debug_info    0x00000531      0xbe8 build/Release/main.o
 .debug_info    0x00001119      0x70f build/lib/Release\libgpio.a(gpio.o)
 .debug_info    0x00001828      0x5f5 build/lib/Release\libadc.a(adc.o)
 .debug_info    0x00001e1d      0x157 build/lib/Release\libdelay.a(delay.o)

.debug_abbrev   0x00000000      0x846
 .debug_abbrev  0x00000000      0x119 build/Release/system_stm32f4xx.o
 .debug_abbrev  0x00000119      0x2bb build/Release/main.o
 .debug_abbrev  0x000003d4      0x1b7 build/lib/Release\libgpio.a(gpio.o)
 .debug_abbrev  0x0000058b      0x1a2 build/lib/Release\libadc.a(adc.o)
 .debug_abbrev  0x0000072d      0x119 build/lib/Release\libdelay.a(delay.o)

.debug_loc      0x00000000      0x73d
 .debug_loc     0x00000000      0x118 build/Release/system_stm32f4xx.o
 .debug_loc     0x00000118      0x116 build/Release/main.o
 .debug_loc     0x0000022e      0x3ac build/lib/Release\libgpio.a(gpio.o)
 .debug_loc     0x000005da      0x11d build/lib/Release\libadc.a(adc.o)
 .debug_loc     0x000006f7       0x46 build/lib/Release\libdelay.a(delay.o)

.debug_aranges  0x00000000      0x110
 .debug_aranges
                0x00000000       0x28 build/Release/system_stm32f4xx.o
 .debug_aranges
                0x00000028       0x28 build/Release/main.o
 .debug_aranges
                0x00000050       0x50 build/lib/Release\libgpio.a(gpio.o)
 .debug_aranges
                0x000000a0       0x40 build/lib/Release\libadc.a(adc.o)
 .debug_aranges
                0x000000e0       0x30 build/lib/Release\libdelay.a(delay.o)

.debug_ranges   0x00000000      0x2f0
 .debug_ranges  0x00000000       0x18 build/Release/system_stm32f4xx.o
 .debug_ranges  0x00000018      0x130 build/Release/main.o
 .debug_ranges  0x00000148      0x120 build/lib/Release\libgpio.a(gpio.o)
 .debug_ranges  0x00000268       0x50 build/lib/Release\libadc.a(adc.o)
 .debug_ranges  0x000002b8       0x38 build/lib/Release\libdelay.a(delay.o)

.debug_line     0x00000000     0x134c
 .debug_line    0x00000000      0x2b7 build/Release/system_stm32f4xx.o
 .debug_line    0x000002b7      0x39b build/Release/main.o
 .debug_line    0x00000652      0x5fe build/lib/Release\libgpio.a(gpio.o)
 .debug_line    0x00000c50      0x461 build/lib/Release\libadc.a(adc.o)
 .debug_line    0x000010b1      0x29b build/lib/Release\libdelay.a(delay.o)

.debug_str      0x00000000      0xe61
 .debug_str     0x00000000      0x328 build/Release/system_stm32f4xx.o
                                0x372 (size before relaxing)
 .debug_str     0x00000328      0x648 build/Release/main.o
                                0x90e (size before relaxing)
 .debug_str     0x00000970      0x3a6 build/lib/Release\libgpio.a(gpio.o)
                                0x677 (size before relaxing)
 .debug_str     0x00000d16       0xbd build/lib/Release\libadc.a(adc.o)
                                0x4a6 (size before relaxing)
 .debug_str     0x00000dd3       0x8e build/lib/Release\libdelay.a(delay.o)
                                0x221 (size before relaxing)

.comment        0x00000000       0x49
 .comment       0x00000000       0x49 build/Release/system_stm32f4xx.o
                                 0x4a (size before relaxing)
 .comment       0x00000049       0x4a build/Release/main.o
 .comment       0x00000049       0x4a build/lib/Release\libgpio.a(gpio.o)
 .comment       0x00000049       0x4a build/lib/Release\libadc.a(adc.o)
 .comment       0x00000049       0x4a build/lib/Release\libdelay.a(delay.o)

.debug_frame    0x00000000      0x27c
 .debug_frame   0x00000000       0x30 build/Release/system_stm32f4xx.o
 .debug_frame   0x00000030       0x44 build/Release/main.o
 .debug_frame   0x00000074       0xe8 build/lib/Release\libgpio.a(gpio.o)
 .debug_frame   0x0000015c       0x9c build/lib/Release\libadc.a(adc.o)
 .debug_frame   0x000001f8       0x58 build/lib/Release\libdelay.a(delay.o)
 .debug_frame   0x00000250       0x2c e:/david/documents/megasync/trabajo/stm/.dspboardsdk/gcc/bin/../lib/gcc/arm-none-eabi/10.3.1/../../../../arm-none-eabi/lib/thumb/v7e-m+fp/hard\libc_nano.a(lib_a-init.o)

Cross Reference Table

Symbol                                            File
ADC_IRQHandler                                    build/Release/startup_stm32f407xx.o
AHBPrescTable                                     build/Release/system_stm32f4xx.o
APBPrescTable                                     build/Release/system_stm32f4xx.o
BusFault_Handler                                  build/Release/startup_stm32f407xx.o
CAN1_RX0_IRQHandler                               build/Release/startup_stm32f407xx.o
CAN1_RX1_IRQHandler                               build/Release/startup_stm32f407xx.o
CAN1_SCE_IRQHandler                               build/Release/startup_stm32f407xx.o
CAN1_TX_IRQHandler                                build/Release/startup_stm32f407xx.o
CAN2_RX0_IRQHandler                               build/Release/startup_stm32f407xx.o
CAN2_RX1_IRQHandler                               build/Release/startup_stm32f407xx.o
CAN2_SCE_IRQHandler                               build/Release/startup_stm32f407xx.o
CAN2_TX_IRQHandler                                build/Release/startup_stm32f407xx.o
CRYP_IRQHandler                                   build/Release/startup_stm32f407xx.o
DCMI_IRQHandler                                   build/Release/startup_stm32f407xx.o
DELAY_CYCLES_US                                   build/lib/Release\libdelay.a(delay.o)
DMA1_Stream0_IRQHandler                           build/Release/startup_stm32f407xx.o
DMA1_Stream1_IRQHandler                           build/Release/startup_stm32f407xx.o
DMA1_Stream2_IRQHandler                           build/Release/startup_stm32f407xx.o
DMA1_Stream3_IRQHandler                           build/Release/startup_stm32f407xx.o
DMA1_Stream4_IRQHandler                           build/Release/startup_stm32f407xx.o
DMA1_Stream5_IRQHandler                           build/Release/startup_stm32f407xx.o
DMA1_Stream6_IRQHandler                           build/Release/startup_stm32f407xx.o
DMA1_Stream7_IRQHandler                           build/Release/startup_stm32f407xx.o
DMA2_Stream0_IRQHandler                           build/Release/startup_stm32f407xx.o
DMA2_Stream1_IRQHandler                           build/Release/startup_stm32f407xx.o
DMA2_Stream2_IRQHandler                           build/Release/startup_stm32f407xx.o
DMA2_Stream3_IRQHandler                           build/Release/startup_stm32f407xx.o
DMA2_Stream4_IRQHandler                           build/Release/startup_stm32f407xx.o
DMA2_Stream5_IRQHandler                           build/Release/startup_stm32f407xx.o
DMA2_Stream6_IRQHandler                           build/Release/startup_stm32f407xx.o
DMA2_Stream7_IRQHandler                           build/Release/startup_stm32f407xx.o
DebugMon_Handler                                  build/Release/startup_stm32f407xx.o
Default_Handler                                   build/Release/startup_stm32f407xx.o
ETH_IRQHandler                                    build/Release/startup_stm32f407xx.o
ETH_WKUP_IRQHandler                               build/Release/startup_stm32f407xx.o
EXTI0_IRQHandler                                  build/Release/startup_stm32f407xx.o
EXTI15_10_IRQHandler                              build/Release/startup_stm32f407xx.o
EXTI1_IRQHandler                                  build/Release/startup_stm32f407xx.o
EXTI2_IRQHandler                                  build/Release/startup_stm32f407xx.o
EXTI3_IRQHandler                                  build/Release/startup_stm32f407xx.o
EXTI4_IRQHandler                                  build/Release/startup_stm32f407xx.o
EXTI9_5_IRQHandler                                build/Release/startup_stm32f407xx.o
FPU_IRQHandler                                    build/Release/startup_stm32f407xx.o
FSMC_IRQHandler                                   build/Release/startup_stm32f407xx.o
HASH_RNG_IRQHandler                               build/Release/startup_stm32f407xx.o
HardFault_Handler                                 build/Release/startup_stm32f407xx.o
I2C1_ER_IRQHandler                                build/Release/startup_stm32f407xx.o
I2C1_EV_IRQHandler                                build/Release/startup_stm32f407xx.o
I2C2_ER_IRQHandler                                build/Release/startup_stm32f407xx.o
I2C2_EV_IRQHandler                                build/Release/startup_stm32f407xx.o
I2C3_ER_IRQHandler                                build/Release/startup_stm32f407xx.o
I2C3_EV_IRQHandler                                build/Release/startup_stm32f407xx.o
LCD_TFT_1_IRQHandler                              build/Release/startup_stm32f407xx.o
LCD_TFT_IRQHandler                                build/Release/startup_stm32f407xx.o
MemManage_Handler                                 build/Release/startup_stm32f407xx.o
NMI_Handler                                       build/Release/startup_stm32f407xx.o
OTG_FS_IRQHandler                                 build/Release/startup_stm32f407xx.o
OTG_FS_WKUP_IRQHandler                            build/Release/startup_stm32f407xx.o
OTG_HS_EP1_IN_IRQHandler                          build/Release/startup_stm32f407xx.o
OTG_HS_EP1_OUT_IRQHandler                         build/Release/startup_stm32f407xx.o
OTG_HS_IRQHandler                                 build/Release/startup_stm32f407xx.o
OTG_HS_WKUP_IRQHandler                            build/Release/startup_stm32f407xx.o
PVD_IRQHandler                                    build/Release/startup_stm32f407xx.o
PendSV_Handler                                    build/Release/startup_stm32f407xx.o
RCC_IRQHandler                                    build/Release/startup_stm32f407xx.o
RTC_Alarm_IRQHandler                              build/Release/startup_stm32f407xx.o
RTC_WKUP_IRQHandler                               build/Release/startup_stm32f407xx.o
Reset_Handler                                     build/Release/startup_stm32f407xx.o
SDIO_IRQHandler                                   build/Release/startup_stm32f407xx.o
SPI1_IRQHandler                                   build/Release/startup_stm32f407xx.o
SPI2_IRQHandler                                   build/Release/startup_stm32f407xx.o
SPI3_IRQHandler                                   build/Release/startup_stm32f407xx.o
SVC_Handler                                       build/Release/startup_stm32f407xx.o
SysTick_Handler                                   build/Release/startup_stm32f407xx.o
SystemCoreClock                                   build/Release/system_stm32f4xx.o
                                                  build/lib/Release\libdelay.a(delay.o)
SystemCoreClockUpdate                             build/Release/system_stm32f4xx.o
                                                  build/lib/Release\libdelay.a(delay.o)
                                                  build/lib/Release\libadc.a(adc.o)
                                                  build/lib/Release\libgpio.a(gpio.o)
                                                  build/Release/main.o
SystemInit                                        build/Release/system_stm32f4xx.o
                                                  build/Release/startup_stm32f407xx.o
TAMP_STAMP_IRQHandler                             build/Release/startup_stm32f407xx.o
TIM1_BRK_TIM9_IRQHandler                          build/Release/startup_stm32f407xx.o
TIM1_CC_IRQHandler                                build/Release/startup_stm32f407xx.o
TIM1_TRG_COM_TIM11_IRQHandler                     build/Release/startup_stm32f407xx.o
TIM1_UP_TIM10_IRQHandler                          build/Release/startup_stm32f407xx.o
TIM2_IRQHandler                                   build/Release/startup_stm32f407xx.o
TIM3_IRQHandler                                   build/Release/startup_stm32f407xx.o
TIM4_IRQHandler                                   build/Release/startup_stm32f407xx.o
TIM5_IRQHandler                                   build/Release/startup_stm32f407xx.o
TIM6_DAC_IRQHandler                               build/Release/startup_stm32f407xx.o
TIM7_IRQHandler                                   build/Release/startup_stm32f407xx.o
TIM8_BRK_TIM12_IRQHandler                         build/Release/startup_stm32f407xx.o
TIM8_CC_IRQHandler                                build/Release/startup_stm32f407xx.o
TIM8_TRG_COM_TIM14_IRQHandler                     build/Release/startup_stm32f407xx.o
TIM8_UP_TIM13_IRQHandler                          build/Release/startup_stm32f407xx.o
UART4_IRQHandler                                  build/Release/startup_stm32f407xx.o
UART5_IRQHandler                                  build/Release/startup_stm32f407xx.o
USART1_IRQHandler                                 build/Release/startup_stm32f407xx.o
USART2_IRQHandler                                 build/Release/startup_stm32f407xx.o
USART3_IRQHandler                                 build/Release/startup_stm32f407xx.o
USART6_IRQHandler                                 build/Release/startup_stm32f407xx.o
UsageFault_Handler                                build/Release/startup_stm32f407xx.o
WWDG_IRQHandler                                   build/Release/startup_stm32f407xx.o
__bss_end__                                       e:/david/documents/megasync/trabajo/stm/.dspboardsdk/gcc/bin/../lib/gcc/arm-none-eabi/10.3.1/../../../../arm-none-eabi/lib/thumb/v7e-m+fp/hard/crt0.o
__bss_start__                                     e:/david/documents/megasync/trabajo/stm/.dspboardsdk/gcc/bin/../lib/gcc/arm-none-eabi/10.3.1/../../../../arm-none-eabi/lib/thumb/v7e-m+fp/hard/crt0.o
__call_exitprocs                                  e:/david/documents/megasync/trabajo/stm/.dspboardsdk/gcc/bin/../lib/gcc/arm-none-eabi/10.3.1/../../../../arm-none-eabi/lib/thumb/v7e-m+fp/hard\libc_nano.a(lib_a-exit.o)
__deregister_frame_info                           e:/david/documents/megasync/trabajo/stm/.dspboardsdk/gcc/bin/../lib/gcc/arm-none-eabi/10.3.1/thumb/v7e-m+fp/hard/crtbegin.o
__dso_handle                                      e:/david/documents/megasync/trabajo/stm/.dspboardsdk/gcc/bin/../lib/gcc/arm-none-eabi/10.3.1/thumb/v7e-m+fp/hard/crtbegin.o
__init_array_end                                  e:/david/documents/megasync/trabajo/stm/.dspboardsdk/gcc/bin/../lib/gcc/arm-none-eabi/10.3.1/../../../../arm-none-eabi/lib/thumb/v7e-m+fp/hard\libc_nano.a(lib_a-init.o)
__init_array_start                                e:/david/documents/megasync/trabajo/stm/.dspboardsdk/gcc/bin/../lib/gcc/arm-none-eabi/10.3.1/../../../../arm-none-eabi/lib/thumb/v7e-m+fp/hard\libc_nano.a(lib_a-init.o)
__libc_fini_array                                 e:/david/documents/megasync/trabajo/stm/.dspboardsdk/gcc/bin/../lib/gcc/arm-none-eabi/10.3.1/../../../../arm-none-eabi/lib/thumb/v7e-m+fp/hard/crt0.o
__libc_init_array                                 e:/david/documents/megasync/trabajo/stm/.dspboardsdk/gcc/bin/../lib/gcc/arm-none-eabi/10.3.1/../../../../arm-none-eabi/lib/thumb/v7e-m+fp/hard\libc_nano.a(lib_a-init.o)
                                                  build/Release/startup_stm32f407xx.o
                                                  e:/david/documents/megasync/trabajo/stm/.dspboardsdk/gcc/bin/../lib/gcc/arm-none-eabi/10.3.1/../../../../arm-none-eabi/lib/thumb/v7e-m+fp/hard/crt0.o
__preinit_array_end                               e:/david/documents/megasync/trabajo/stm/.dspboardsdk/gcc/bin/../lib/gcc/arm-none-eabi/10.3.1/../../../../arm-none-eabi/lib/thumb/v7e-m+fp/hard\libc_nano.a(lib_a-init.o)
__preinit_array_start                             e:/david/documents/megasync/trabajo/stm/.dspboardsdk/gcc/bin/../lib/gcc/arm-none-eabi/10.3.1/../../../../arm-none-eabi/lib/thumb/v7e-m+fp/hard\libc_nano.a(lib_a-init.o)
__register_frame_info                             e:/david/documents/megasync/trabajo/stm/.dspboardsdk/gcc/bin/../lib/gcc/arm-none-eabi/10.3.1/thumb/v7e-m+fp/hard/crtbegin.o
__sf_fake_stderr                                  e:/david/documents/megasync/trabajo/stm/.dspboardsdk/gcc/bin/../lib/gcc/arm-none-eabi/10.3.1/../../../../arm-none-eabi/lib/thumb/v7e-m+fp/hard\libc_nano.a(lib_a-impure.o)
__sf_fake_stdin                                   e:/david/documents/megasync/trabajo/stm/.dspboardsdk/gcc/bin/../lib/gcc/arm-none-eabi/10.3.1/../../../../arm-none-eabi/lib/thumb/v7e-m+fp/hard\libc_nano.a(lib_a-impure.o)
__sf_fake_stdout                                  e:/david/documents/megasync/trabajo/stm/.dspboardsdk/gcc/bin/../lib/gcc/arm-none-eabi/10.3.1/../../../../arm-none-eabi/lib/thumb/v7e-m+fp/hard\libc_nano.a(lib_a-impure.o)
__stack                                           e:/david/documents/megasync/trabajo/stm/.dspboardsdk/gcc/bin/../lib/gcc/arm-none-eabi/10.3.1/../../../../arm-none-eabi/lib/thumb/v7e-m+fp/hard/crt0.o
_ebss                                             build/Release/startup_stm32f407xx.o
_eccmbbs                                          build/Release/startup_stm32f407xx.o
_eccmbss                                          build/Release/startup_stm32f407xx.o
_eccmdata                                         build/Release/startup_stm32f407xx.o
_edata                                            build/Release/startup_stm32f407xx.o
_estack                                           build/Release/startup_stm32f407xx.o
_exit                                             e:/david/documents/megasync/trabajo/stm/.dspboardsdk/gcc/bin/../lib/gcc/arm-none-eabi/10.3.1/../../../../arm-none-eabi/lib/thumb/v7e-m+fp/hard\libnosys.a(_exit.o)
                                                  e:/david/documents/megasync/trabajo/stm/.dspboardsdk/gcc/bin/../lib/gcc/arm-none-eabi/10.3.1/../../../../arm-none-eabi/lib/thumb/v7e-m+fp/hard\libc_nano.a(lib_a-exit.o)
_fini                                             e:/david/documents/megasync/trabajo/stm/.dspboardsdk/gcc/bin/../lib/gcc/arm-none-eabi/10.3.1/thumb/v7e-m+fp/hard/crti.o
_global_impure_ptr                                e:/david/documents/megasync/trabajo/stm/.dspboardsdk/gcc/bin/../lib/gcc/arm-none-eabi/10.3.1/../../../../arm-none-eabi/lib/thumb/v7e-m+fp/hard\libc_nano.a(lib_a-impure.o)
                                                  e:/david/documents/megasync/trabajo/stm/.dspboardsdk/gcc/bin/../lib/gcc/arm-none-eabi/10.3.1/../../../../arm-none-eabi/lib/thumb/v7e-m+fp/hard\libc_nano.a(lib_a-exit.o)
_impure_ptr                                       e:/david/documents/megasync/trabajo/stm/.dspboardsdk/gcc/bin/../lib/gcc/arm-none-eabi/10.3.1/../../../../arm-none-eabi/lib/thumb/v7e-m+fp/hard\libc_nano.a(lib_a-impure.o)
_init                                             e:/david/documents/megasync/trabajo/stm/.dspboardsdk/gcc/bin/../lib/gcc/arm-none-eabi/10.3.1/thumb/v7e-m+fp/hard/crti.o
                                                  e:/david/documents/megasync/trabajo/stm/.dspboardsdk/gcc/bin/../lib/gcc/arm-none-eabi/10.3.1/../../../../arm-none-eabi/lib/thumb/v7e-m+fp/hard\libc_nano.a(lib_a-init.o)
_mainCRTStartup                                   e:/david/documents/megasync/trabajo/stm/.dspboardsdk/gcc/bin/../lib/gcc/arm-none-eabi/10.3.1/../../../../arm-none-eabi/lib/thumb/v7e-m+fp/hard/crt0.o
_sbss                                             build/Release/startup_stm32f407xx.o
_sccmbbs                                          build/Release/startup_stm32f407xx.o
_sccmbss                                          build/Release/startup_stm32f407xx.o
_sccmdata                                         build/Release/startup_stm32f407xx.o
_sdata                                            build/Release/startup_stm32f407xx.o
_siccmdata                                        build/Release/startup_stm32f407xx.o
_sidata                                           build/Release/startup_stm32f407xx.o
_stack_init                                       e:/david/documents/megasync/trabajo/stm/.dspboardsdk/gcc/bin/../lib/gcc/arm-none-eabi/10.3.1/../../../../arm-none-eabi/lib/thumb/v7e-m+fp/hard/crt0.o
_start                                            e:/david/documents/megasync/trabajo/stm/.dspboardsdk/gcc/bin/../lib/gcc/arm-none-eabi/10.3.1/../../../../arm-none-eabi/lib/thumb/v7e-m+fp/hard/crt0.o
adc_config_ind_scan                               build/lib/Release\libadc.a(adc.o)
                                                  build/Release/main.o
adc_config_seq_ijt                                build/lib/Release\libadc.a(adc.o)
adc_config_seq_rgl                                build/lib/Release\libadc.a(adc.o)
                                                  build/Release/main.o
adc_read_ind_scan                                 build/lib/Release\libadc.a(adc.o)
                                                  build/Release/main.o
adc_sequencer_ijt                                 build/lib/Release\libadc.a(adc.o)
adc_sequencer_rgl                                 build/lib/Release\libadc.a(adc.o)
                                                  build/Release/main.o
atexit                                            e:/david/documents/megasync/trabajo/stm/.dspboardsdk/gcc/bin/../lib/gcc/arm-none-eabi/10.3.1/../../../../arm-none-eabi/lib/thumb/v7e-m+fp/hard/crt0.o
delay_init                                        build/lib/Release\libdelay.a(delay.o)
                                                  build/lib/Release\libadc.a(adc.o)
                                                  build/lib/Release\libgpio.a(gpio.o)
                                                  build/Release/main.o
delay_ms                                          build/lib/Release\libdelay.a(delay.o)
                                                  build/Release/main.o
exit                                              e:/david/documents/megasync/trabajo/stm/.dspboardsdk/gcc/bin/../lib/gcc/arm-none-eabi/10.3.1/../../../../arm-none-eabi/lib/thumb/v7e-m+fp/hard\libc_nano.a(lib_a-exit.o)
                                                  e:/david/documents/megasync/trabajo/stm/.dspboardsdk/gcc/bin/../lib/gcc/arm-none-eabi/10.3.1/../../../../arm-none-eabi/lib/thumb/v7e-m+fp/hard/crt0.o
g_pfnVectors                                      build/Release/startup_stm32f407xx.o
gpio_config_af                                    build/lib/Release\libgpio.a(gpio.o)
gpio_config_all                                   build/lib/Release\libgpio.a(gpio.o)
gpio_config_input_pull_mode                       build/lib/Release\libgpio.a(gpio.o)
gpio_config_lock                                  build/lib/Release\libgpio.a(gpio.o)
gpio_config_mode                                  build/lib/Release\libgpio.a(gpio.o)
                                                  build/Release/main.o
gpio_config_speed                                 build/lib/Release\libgpio.a(gpio.o)
hardware_init_hook                                e:/david/documents/megasync/trabajo/stm/.dspboardsdk/gcc/bin/../lib/gcc/arm-none-eabi/10.3.1/../../../../arm-none-eabi/lib/thumb/v7e-m+fp/hard/crt0.o
main                                              build/Release/main.o
                                                  build/Release/startup_stm32f407xx.o
                                                  e:/david/documents/megasync/trabajo/stm/.dspboardsdk/gcc/bin/../lib/gcc/arm-none-eabi/10.3.1/../../../../arm-none-eabi/lib/thumb/v7e-m+fp/hard/crt0.o
memset                                            e:/david/documents/megasync/trabajo/stm/.dspboardsdk/gcc/bin/../lib/gcc/arm-none-eabi/10.3.1/../../../../arm-none-eabi/lib/thumb/v7e-m+fp/hard\libc_nano.a(lib_a-memset.o)
                                                  e:/david/documents/megasync/trabajo/stm/.dspboardsdk/gcc/bin/../lib/gcc/arm-none-eabi/10.3.1/../../../../arm-none-eabi/lib/thumb/v7e-m+fp/hard/crt0.o
resbits_decode                                    build/lib/Release\libadc.a(adc.o)
                                                  build/Release/main.o
software_init_hook                                e:/david/documents/megasync/trabajo/stm/.dspboardsdk/gcc/bin/../lib/gcc/arm-none-eabi/10.3.1/../../../../arm-none-eabi/lib/thumb/v7e-m+fp/hard/crt0.o
