Archive member included to satisfy reference by file (symbol)

build/lib/Debug\libgpio.a(gpio.o)
                              build/Debug/main.o (gpio_config_mode)
build/lib/Debug\librcc.a(rcc.o)
                              build/Debug/main.o (rcc_sysclk_select)
build/lib/Debug\libflash.a(flash.o)
                              build/lib/Debug\librcc.a(rcc.o) (flash_acr_config_auto)
build/lib/Debug\libdelay.a(delay.o)
                              build/Debug/main.o (delay_init)
e:/david/documentos/megasync/trabajo/stm/.dspboardsdk/gcc/bin/../lib/gcc/arm-none-eabi/10.3.1/../../../../arm-none-eabi/lib/thumb/v7e-m+fp/hard\libc_nano.a(lib_a-exit.o)
                              e:/david/documentos/megasync/trabajo/stm/.dspboardsdk/gcc/bin/../lib/gcc/arm-none-eabi/10.3.1/../../../../arm-none-eabi/lib/thumb/v7e-m+fp/hard/crt0.o (exit)
e:/david/documentos/megasync/trabajo/stm/.dspboardsdk/gcc/bin/../lib/gcc/arm-none-eabi/10.3.1/../../../../arm-none-eabi/lib/thumb/v7e-m+fp/hard\libc_nano.a(lib_a-impure.o)
                              e:/david/documentos/megasync/trabajo/stm/.dspboardsdk/gcc/bin/../lib/gcc/arm-none-eabi/10.3.1/../../../../arm-none-eabi/lib/thumb/v7e-m+fp/hard\libc_nano.a(lib_a-exit.o) (_global_impure_ptr)
e:/david/documentos/megasync/trabajo/stm/.dspboardsdk/gcc/bin/../lib/gcc/arm-none-eabi/10.3.1/../../../../arm-none-eabi/lib/thumb/v7e-m+fp/hard\libc_nano.a(lib_a-init.o)
                              e:/david/documentos/megasync/trabajo/stm/.dspboardsdk/gcc/bin/../lib/gcc/arm-none-eabi/10.3.1/../../../../arm-none-eabi/lib/thumb/v7e-m+fp/hard/crt0.o (__libc_init_array)
e:/david/documentos/megasync/trabajo/stm/.dspboardsdk/gcc/bin/../lib/gcc/arm-none-eabi/10.3.1/../../../../arm-none-eabi/lib/thumb/v7e-m+fp/hard\libc_nano.a(lib_a-memset.o)
                              e:/david/documentos/megasync/trabajo/stm/.dspboardsdk/gcc/bin/../lib/gcc/arm-none-eabi/10.3.1/../../../../arm-none-eabi/lib/thumb/v7e-m+fp/hard/crt0.o (memset)
e:/david/documentos/megasync/trabajo/stm/.dspboardsdk/gcc/bin/../lib/gcc/arm-none-eabi/10.3.1/../../../../arm-none-eabi/lib/thumb/v7e-m+fp/hard\libnosys.a(_exit.o)
                              e:/david/documentos/megasync/trabajo/stm/.dspboardsdk/gcc/bin/../lib/gcc/arm-none-eabi/10.3.1/../../../../arm-none-eabi/lib/thumb/v7e-m+fp/hard\libc_nano.a(lib_a-exit.o) (_exit)

Discarded input sections

 .text          0x00000000        0x0 e:/david/documentos/megasync/trabajo/stm/.dspboardsdk/gcc/bin/../lib/gcc/arm-none-eabi/10.3.1/thumb/v7e-m+fp/hard/crti.o
 .data          0x00000000        0x0 e:/david/documentos/megasync/trabajo/stm/.dspboardsdk/gcc/bin/../lib/gcc/arm-none-eabi/10.3.1/thumb/v7e-m+fp/hard/crti.o
 .bss           0x00000000        0x0 e:/david/documentos/megasync/trabajo/stm/.dspboardsdk/gcc/bin/../lib/gcc/arm-none-eabi/10.3.1/thumb/v7e-m+fp/hard/crti.o
 .data          0x00000000        0x4 e:/david/documentos/megasync/trabajo/stm/.dspboardsdk/gcc/bin/../lib/gcc/arm-none-eabi/10.3.1/thumb/v7e-m+fp/hard/crtbegin.o
 .rodata        0x00000000       0x24 e:/david/documentos/megasync/trabajo/stm/.dspboardsdk/gcc/bin/../lib/gcc/arm-none-eabi/10.3.1/thumb/v7e-m+fp/hard/crtbegin.o
 .text          0x00000000       0x7c e:/david/documentos/megasync/trabajo/stm/.dspboardsdk/gcc/bin/../lib/gcc/arm-none-eabi/10.3.1/../../../../arm-none-eabi/lib/thumb/v7e-m+fp/hard/crt0.o
 .data          0x00000000        0x0 e:/david/documentos/megasync/trabajo/stm/.dspboardsdk/gcc/bin/../lib/gcc/arm-none-eabi/10.3.1/../../../../arm-none-eabi/lib/thumb/v7e-m+fp/hard/crt0.o
 .bss           0x00000000        0x0 e:/david/documentos/megasync/trabajo/stm/.dspboardsdk/gcc/bin/../lib/gcc/arm-none-eabi/10.3.1/../../../../arm-none-eabi/lib/thumb/v7e-m+fp/hard/crt0.o
 .ARM.extab     0x00000000        0x0 e:/david/documentos/megasync/trabajo/stm/.dspboardsdk/gcc/bin/../lib/gcc/arm-none-eabi/10.3.1/../../../../arm-none-eabi/lib/thumb/v7e-m+fp/hard/crt0.o
 .ARM.exidx     0x00000000       0x10 e:/david/documentos/megasync/trabajo/stm/.dspboardsdk/gcc/bin/../lib/gcc/arm-none-eabi/10.3.1/../../../../arm-none-eabi/lib/thumb/v7e-m+fp/hard/crt0.o
 .ARM.attributes
                0x00000000       0x1c e:/david/documentos/megasync/trabajo/stm/.dspboardsdk/gcc/bin/../lib/gcc/arm-none-eabi/10.3.1/../../../../arm-none-eabi/lib/thumb/v7e-m+fp/hard/crt0.o
 .group         0x00000000        0xc build/Debug/system_stm32f4xx.o
 .group         0x00000000        0xc build/Debug/system_stm32f4xx.o
 .group         0x00000000        0xc build/Debug/system_stm32f4xx.o
 .group         0x00000000        0xc build/Debug/system_stm32f4xx.o
 .group         0x00000000        0xc build/Debug/system_stm32f4xx.o
 .group         0x00000000        0xc build/Debug/system_stm32f4xx.o
 .group         0x00000000        0xc build/Debug/system_stm32f4xx.o
 .group         0x00000000        0xc build/Debug/system_stm32f4xx.o
 .group         0x00000000        0xc build/Debug/system_stm32f4xx.o
 .group         0x00000000        0xc build/Debug/system_stm32f4xx.o
 .group         0x00000000        0xc build/Debug/system_stm32f4xx.o
 .group         0x00000000        0xc build/Debug/system_stm32f4xx.o
 .group         0x00000000        0xc build/Debug/system_stm32f4xx.o
 .group         0x00000000        0xc build/Debug/system_stm32f4xx.o
 .group         0x00000000        0xc build/Debug/system_stm32f4xx.o
 .group         0x00000000        0xc build/Debug/system_stm32f4xx.o
 .text          0x00000000        0x0 build/Debug/system_stm32f4xx.o
 .data          0x00000000        0x0 build/Debug/system_stm32f4xx.o
 .bss           0x00000000        0x0 build/Debug/system_stm32f4xx.o
 .rodata.APBPrescTable
                0x00000000        0x8 build/Debug/system_stm32f4xx.o
 .group         0x00000000        0xc build/Debug/main.o
 .group         0x00000000        0xc build/Debug/main.o
 .group         0x00000000        0xc build/Debug/main.o
 .group         0x00000000        0xc build/Debug/main.o
 .group         0x00000000        0xc build/Debug/main.o
 .group         0x00000000        0xc build/Debug/main.o
 .group         0x00000000        0xc build/Debug/main.o
 .group         0x00000000        0xc build/Debug/main.o
 .group         0x00000000        0xc build/Debug/main.o
 .group         0x00000000        0xc build/Debug/main.o
 .group         0x00000000        0xc build/Debug/main.o
 .group         0x00000000        0xc build/Debug/main.o
 .group         0x00000000        0xc build/Debug/main.o
 .group         0x00000000        0xc build/Debug/main.o
 .group         0x00000000        0xc build/Debug/main.o
 .group         0x00000000        0xc build/Debug/main.o
 .group         0x00000000        0xc build/Debug/main.o
 .text          0x00000000        0x0 build/Debug/main.o
 .data          0x00000000        0x0 build/Debug/main.o
 .bss           0x00000000        0x0 build/Debug/main.o
 .debug_macro   0x00000000      0xa8a build/Debug/main.o
 .debug_macro   0x00000000       0x2f build/Debug/main.o
 .debug_macro   0x00000000       0x22 build/Debug/main.o
 .debug_macro   0x00000000       0x8e build/Debug/main.o
 .debug_macro   0x00000000       0x51 build/Debug/main.o
 .debug_macro   0x00000000      0x103 build/Debug/main.o
 .debug_macro   0x00000000       0x6a build/Debug/main.o
 .debug_macro   0x00000000      0x1df build/Debug/main.o
 .debug_macro   0x00000000       0x1c build/Debug/main.o
 .debug_macro   0x00000000       0x22 build/Debug/main.o
 .debug_macro   0x00000000       0xd9 build/Debug/main.o
 .debug_macro   0x00000000     0x102d build/Debug/main.o
 .debug_macro   0x00000000      0x11f build/Debug/main.o
 .debug_macro   0x00000000    0x15e82 build/Debug/main.o
 .text          0x00000000       0x28 build/Debug/startup_stm32f407xx.o
 .data          0x00000000        0x0 build/Debug/startup_stm32f407xx.o
 .bss           0x00000000        0x0 build/Debug/startup_stm32f407xx.o
 .group         0x00000000        0xc build/lib/Debug\libgpio.a(gpio.o)
 .group         0x00000000        0xc build/lib/Debug\libgpio.a(gpio.o)
 .group         0x00000000        0xc build/lib/Debug\libgpio.a(gpio.o)
 .group         0x00000000        0xc build/lib/Debug\libgpio.a(gpio.o)
 .group         0x00000000        0xc build/lib/Debug\libgpio.a(gpio.o)
 .group         0x00000000        0xc build/lib/Debug\libgpio.a(gpio.o)
 .group         0x00000000        0xc build/lib/Debug\libgpio.a(gpio.o)
 .group         0x00000000        0xc build/lib/Debug\libgpio.a(gpio.o)
 .group         0x00000000        0xc build/lib/Debug\libgpio.a(gpio.o)
 .group         0x00000000        0xc build/lib/Debug\libgpio.a(gpio.o)
 .group         0x00000000        0xc build/lib/Debug\libgpio.a(gpio.o)
 .group         0x00000000        0xc build/lib/Debug\libgpio.a(gpio.o)
 .group         0x00000000        0xc build/lib/Debug\libgpio.a(gpio.o)
 .group         0x00000000        0xc build/lib/Debug\libgpio.a(gpio.o)
 .group         0x00000000        0xc build/lib/Debug\libgpio.a(gpio.o)
 .group         0x00000000        0xc build/lib/Debug\libgpio.a(gpio.o)
 .group         0x00000000        0xc build/lib/Debug\libgpio.a(gpio.o)
 .text          0x00000000        0x0 build/lib/Debug\libgpio.a(gpio.o)
 .data          0x00000000        0x0 build/lib/Debug\libgpio.a(gpio.o)
 .bss           0x00000000        0x0 build/lib/Debug\libgpio.a(gpio.o)
 .text.gpio_config_lock
                0x00000000       0x52 build/lib/Debug\libgpio.a(gpio.o)
 .text.gpio_config_all
                0x00000000       0xd6 build/lib/Debug\libgpio.a(gpio.o)
 .text.gpio_config_input_pull_mode
                0x00000000       0x4c build/lib/Debug\libgpio.a(gpio.o)
 .text.gpio_config_af
                0x00000000       0x72 build/lib/Debug\libgpio.a(gpio.o)
 .debug_macro   0x00000000      0xa8a build/lib/Debug\libgpio.a(gpio.o)
 .debug_macro   0x00000000       0x2e build/lib/Debug\libgpio.a(gpio.o)
 .debug_macro   0x00000000       0x2f build/lib/Debug\libgpio.a(gpio.o)
 .debug_macro   0x00000000       0x22 build/lib/Debug\libgpio.a(gpio.o)
 .debug_macro   0x00000000       0x8e build/lib/Debug\libgpio.a(gpio.o)
 .debug_macro   0x00000000       0x51 build/lib/Debug\libgpio.a(gpio.o)
 .debug_macro   0x00000000      0x103 build/lib/Debug\libgpio.a(gpio.o)
 .debug_macro   0x00000000       0x6a build/lib/Debug\libgpio.a(gpio.o)
 .debug_macro   0x00000000      0x1df build/lib/Debug\libgpio.a(gpio.o)
 .debug_macro   0x00000000       0x1c build/lib/Debug\libgpio.a(gpio.o)
 .debug_macro   0x00000000       0x22 build/lib/Debug\libgpio.a(gpio.o)
 .debug_macro   0x00000000       0xd9 build/lib/Debug\libgpio.a(gpio.o)
 .debug_macro   0x00000000     0x102d build/lib/Debug\libgpio.a(gpio.o)
 .debug_macro   0x00000000      0x11f build/lib/Debug\libgpio.a(gpio.o)
 .debug_macro   0x00000000    0x15e82 build/lib/Debug\libgpio.a(gpio.o)
 .debug_macro   0x00000000       0x6d build/lib/Debug\libgpio.a(gpio.o)
 .debug_macro   0x00000000       0x28 build/lib/Debug\libgpio.a(gpio.o)
 .group         0x00000000        0xc build/lib/Debug\librcc.a(rcc.o)
 .group         0x00000000        0xc build/lib/Debug\librcc.a(rcc.o)
 .group         0x00000000        0xc build/lib/Debug\librcc.a(rcc.o)
 .group         0x00000000        0xc build/lib/Debug\librcc.a(rcc.o)
 .group         0x00000000        0xc build/lib/Debug\librcc.a(rcc.o)
 .group         0x00000000        0xc build/lib/Debug\librcc.a(rcc.o)
 .group         0x00000000        0xc build/lib/Debug\librcc.a(rcc.o)
 .group         0x00000000        0xc build/lib/Debug\librcc.a(rcc.o)
 .group         0x00000000        0xc build/lib/Debug\librcc.a(rcc.o)
 .group         0x00000000        0xc build/lib/Debug\librcc.a(rcc.o)
 .group         0x00000000        0xc build/lib/Debug\librcc.a(rcc.o)
 .group         0x00000000        0xc build/lib/Debug\librcc.a(rcc.o)
 .group         0x00000000        0xc build/lib/Debug\librcc.a(rcc.o)
 .group         0x00000000        0xc build/lib/Debug\librcc.a(rcc.o)
 .group         0x00000000        0xc build/lib/Debug\librcc.a(rcc.o)
 .group         0x00000000        0xc build/lib/Debug\librcc.a(rcc.o)
 .group         0x00000000        0xc build/lib/Debug\librcc.a(rcc.o)
 .text          0x00000000        0x0 build/lib/Debug\librcc.a(rcc.o)
 .data          0x00000000        0x0 build/lib/Debug\librcc.a(rcc.o)
 .bss           0x00000000        0x0 build/lib/Debug\librcc.a(rcc.o)
 .debug_macro   0x00000000      0xa8a build/lib/Debug\librcc.a(rcc.o)
 .debug_macro   0x00000000       0x2e build/lib/Debug\librcc.a(rcc.o)
 .debug_macro   0x00000000       0x2f build/lib/Debug\librcc.a(rcc.o)
 .debug_macro   0x00000000       0x22 build/lib/Debug\librcc.a(rcc.o)
 .debug_macro   0x00000000       0x8e build/lib/Debug\librcc.a(rcc.o)
 .debug_macro   0x00000000       0x51 build/lib/Debug\librcc.a(rcc.o)
 .debug_macro   0x00000000      0x103 build/lib/Debug\librcc.a(rcc.o)
 .debug_macro   0x00000000       0x6a build/lib/Debug\librcc.a(rcc.o)
 .debug_macro   0x00000000      0x1df build/lib/Debug\librcc.a(rcc.o)
 .debug_macro   0x00000000       0x1c build/lib/Debug\librcc.a(rcc.o)
 .debug_macro   0x00000000       0x22 build/lib/Debug\librcc.a(rcc.o)
 .debug_macro   0x00000000       0xd9 build/lib/Debug\librcc.a(rcc.o)
 .debug_macro   0x00000000     0x102d build/lib/Debug\librcc.a(rcc.o)
 .debug_macro   0x00000000      0x11f build/lib/Debug\librcc.a(rcc.o)
 .debug_macro   0x00000000    0x15e82 build/lib/Debug\librcc.a(rcc.o)
 .debug_macro   0x00000000       0x6d build/lib/Debug\librcc.a(rcc.o)
 .debug_macro   0x00000000       0x28 build/lib/Debug\librcc.a(rcc.o)
 .group         0x00000000        0xc build/lib/Debug\libflash.a(flash.o)
 .group         0x00000000        0xc build/lib/Debug\libflash.a(flash.o)
 .group         0x00000000        0xc build/lib/Debug\libflash.a(flash.o)
 .group         0x00000000        0xc build/lib/Debug\libflash.a(flash.o)
 .group         0x00000000        0xc build/lib/Debug\libflash.a(flash.o)
 .group         0x00000000        0xc build/lib/Debug\libflash.a(flash.o)
 .group         0x00000000        0xc build/lib/Debug\libflash.a(flash.o)
 .group         0x00000000        0xc build/lib/Debug\libflash.a(flash.o)
 .group         0x00000000        0xc build/lib/Debug\libflash.a(flash.o)
 .group         0x00000000        0xc build/lib/Debug\libflash.a(flash.o)
 .group         0x00000000        0xc build/lib/Debug\libflash.a(flash.o)
 .group         0x00000000        0xc build/lib/Debug\libflash.a(flash.o)
 .group         0x00000000        0xc build/lib/Debug\libflash.a(flash.o)
 .group         0x00000000        0xc build/lib/Debug\libflash.a(flash.o)
 .group         0x00000000        0xc build/lib/Debug\libflash.a(flash.o)
 .group         0x00000000        0xc build/lib/Debug\libflash.a(flash.o)
 .group         0x00000000        0xc build/lib/Debug\libflash.a(flash.o)
 .text          0x00000000        0x0 build/lib/Debug\libflash.a(flash.o)
 .data          0x00000000        0x0 build/lib/Debug\libflash.a(flash.o)
 .bss           0x00000000        0x0 build/lib/Debug\libflash.a(flash.o)
 .debug_macro   0x00000000      0xa8a build/lib/Debug\libflash.a(flash.o)
 .debug_macro   0x00000000       0x2e build/lib/Debug\libflash.a(flash.o)
 .debug_macro   0x00000000       0x2f build/lib/Debug\libflash.a(flash.o)
 .debug_macro   0x00000000       0x22 build/lib/Debug\libflash.a(flash.o)
 .debug_macro   0x00000000       0x8e build/lib/Debug\libflash.a(flash.o)
 .debug_macro   0x00000000       0x51 build/lib/Debug\libflash.a(flash.o)
 .debug_macro   0x00000000      0x103 build/lib/Debug\libflash.a(flash.o)
 .debug_macro   0x00000000       0x6a build/lib/Debug\libflash.a(flash.o)
 .debug_macro   0x00000000      0x1df build/lib/Debug\libflash.a(flash.o)
 .debug_macro   0x00000000       0x1c build/lib/Debug\libflash.a(flash.o)
 .debug_macro   0x00000000       0x22 build/lib/Debug\libflash.a(flash.o)
 .debug_macro   0x00000000       0xd9 build/lib/Debug\libflash.a(flash.o)
 .debug_macro   0x00000000     0x102d build/lib/Debug\libflash.a(flash.o)
 .debug_macro   0x00000000      0x11f build/lib/Debug\libflash.a(flash.o)
 .debug_macro   0x00000000    0x15e82 build/lib/Debug\libflash.a(flash.o)
 .debug_macro   0x00000000       0x6d build/lib/Debug\libflash.a(flash.o)
 .debug_macro   0x00000000       0x28 build/lib/Debug\libflash.a(flash.o)
 .group         0x00000000        0xc build/lib/Debug\libdelay.a(delay.o)
 .group         0x00000000        0xc build/lib/Debug\libdelay.a(delay.o)
 .group         0x00000000        0xc build/lib/Debug\libdelay.a(delay.o)
 .group         0x00000000        0xc build/lib/Debug\libdelay.a(delay.o)
 .group         0x00000000        0xc build/lib/Debug\libdelay.a(delay.o)
 .group         0x00000000        0xc build/lib/Debug\libdelay.a(delay.o)
 .group         0x00000000        0xc build/lib/Debug\libdelay.a(delay.o)
 .group         0x00000000        0xc build/lib/Debug\libdelay.a(delay.o)
 .group         0x00000000        0xc build/lib/Debug\libdelay.a(delay.o)
 .group         0x00000000        0xc build/lib/Debug\libdelay.a(delay.o)
 .group         0x00000000        0xc build/lib/Debug\libdelay.a(delay.o)
 .group         0x00000000        0xc build/lib/Debug\libdelay.a(delay.o)
 .group         0x00000000        0xc build/lib/Debug\libdelay.a(delay.o)
 .group         0x00000000        0xc build/lib/Debug\libdelay.a(delay.o)
 .group         0x00000000        0xc build/lib/Debug\libdelay.a(delay.o)
 .group         0x00000000        0xc build/lib/Debug\libdelay.a(delay.o)
 .group         0x00000000        0xc build/lib/Debug\libdelay.a(delay.o)
 .text          0x00000000        0x0 build/lib/Debug\libdelay.a(delay.o)
 .data          0x00000000        0x0 build/lib/Debug\libdelay.a(delay.o)
 .bss           0x00000000        0x0 build/lib/Debug\libdelay.a(delay.o)
 .debug_macro   0x00000000      0xa8a build/lib/Debug\libdelay.a(delay.o)
 .debug_macro   0x00000000       0x2e build/lib/Debug\libdelay.a(delay.o)
 .debug_macro   0x00000000       0x2f build/lib/Debug\libdelay.a(delay.o)
 .debug_macro   0x00000000       0x22 build/lib/Debug\libdelay.a(delay.o)
 .debug_macro   0x00000000       0x8e build/lib/Debug\libdelay.a(delay.o)
 .debug_macro   0x00000000       0x51 build/lib/Debug\libdelay.a(delay.o)
 .debug_macro   0x00000000      0x103 build/lib/Debug\libdelay.a(delay.o)
 .debug_macro   0x00000000       0x6a build/lib/Debug\libdelay.a(delay.o)
 .debug_macro   0x00000000      0x1df build/lib/Debug\libdelay.a(delay.o)
 .debug_macro   0x00000000       0x1c build/lib/Debug\libdelay.a(delay.o)
 .debug_macro   0x00000000       0x22 build/lib/Debug\libdelay.a(delay.o)
 .debug_macro   0x00000000       0xd9 build/lib/Debug\libdelay.a(delay.o)
 .debug_macro   0x00000000     0x102d build/lib/Debug\libdelay.a(delay.o)
 .debug_macro   0x00000000      0x11f build/lib/Debug\libdelay.a(delay.o)
 .debug_macro   0x00000000    0x15e82 build/lib/Debug\libdelay.a(delay.o)
 .debug_macro   0x00000000       0x6d build/lib/Debug\libdelay.a(delay.o)
 .debug_macro   0x00000000       0x28 build/lib/Debug\libdelay.a(delay.o)
 .text          0x00000000        0x0 e:/david/documentos/megasync/trabajo/stm/.dspboardsdk/gcc/bin/../lib/gcc/arm-none-eabi/10.3.1/../../../../arm-none-eabi/lib/thumb/v7e-m+fp/hard\libc_nano.a(lib_a-exit.o)
 .data          0x00000000        0x0 e:/david/documentos/megasync/trabajo/stm/.dspboardsdk/gcc/bin/../lib/gcc/arm-none-eabi/10.3.1/../../../../arm-none-eabi/lib/thumb/v7e-m+fp/hard\libc_nano.a(lib_a-exit.o)
 .bss           0x00000000        0x0 e:/david/documentos/megasync/trabajo/stm/.dspboardsdk/gcc/bin/../lib/gcc/arm-none-eabi/10.3.1/../../../../arm-none-eabi/lib/thumb/v7e-m+fp/hard\libc_nano.a(lib_a-exit.o)
 .text.exit     0x00000000       0x28 e:/david/documentos/megasync/trabajo/stm/.dspboardsdk/gcc/bin/../lib/gcc/arm-none-eabi/10.3.1/../../../../arm-none-eabi/lib/thumb/v7e-m+fp/hard\libc_nano.a(lib_a-exit.o)
 .debug_frame   0x00000000       0x28 e:/david/documentos/megasync/trabajo/stm/.dspboardsdk/gcc/bin/../lib/gcc/arm-none-eabi/10.3.1/../../../../arm-none-eabi/lib/thumb/v7e-m+fp/hard\libc_nano.a(lib_a-exit.o)
 .ARM.attributes
                0x00000000       0x34 e:/david/documentos/megasync/trabajo/stm/.dspboardsdk/gcc/bin/../lib/gcc/arm-none-eabi/10.3.1/../../../../arm-none-eabi/lib/thumb/v7e-m+fp/hard\libc_nano.a(lib_a-exit.o)
 .text          0x00000000        0x0 e:/david/documentos/megasync/trabajo/stm/.dspboardsdk/gcc/bin/../lib/gcc/arm-none-eabi/10.3.1/../../../../arm-none-eabi/lib/thumb/v7e-m+fp/hard\libc_nano.a(lib_a-impure.o)
 .data          0x00000000        0x0 e:/david/documentos/megasync/trabajo/stm/.dspboardsdk/gcc/bin/../lib/gcc/arm-none-eabi/10.3.1/../../../../arm-none-eabi/lib/thumb/v7e-m+fp/hard\libc_nano.a(lib_a-impure.o)
 .bss           0x00000000        0x0 e:/david/documentos/megasync/trabajo/stm/.dspboardsdk/gcc/bin/../lib/gcc/arm-none-eabi/10.3.1/../../../../arm-none-eabi/lib/thumb/v7e-m+fp/hard\libc_nano.a(lib_a-impure.o)
 .data._impure_ptr
                0x00000000        0x4 e:/david/documentos/megasync/trabajo/stm/.dspboardsdk/gcc/bin/../lib/gcc/arm-none-eabi/10.3.1/../../../../arm-none-eabi/lib/thumb/v7e-m+fp/hard\libc_nano.a(lib_a-impure.o)
 .data.impure_data
                0x00000000       0x60 e:/david/documentos/megasync/trabajo/stm/.dspboardsdk/gcc/bin/../lib/gcc/arm-none-eabi/10.3.1/../../../../arm-none-eabi/lib/thumb/v7e-m+fp/hard\libc_nano.a(lib_a-impure.o)
 .rodata._global_impure_ptr
                0x00000000        0x4 e:/david/documentos/megasync/trabajo/stm/.dspboardsdk/gcc/bin/../lib/gcc/arm-none-eabi/10.3.1/../../../../arm-none-eabi/lib/thumb/v7e-m+fp/hard\libc_nano.a(lib_a-impure.o)
 .ARM.attributes
                0x00000000       0x34 e:/david/documentos/megasync/trabajo/stm/.dspboardsdk/gcc/bin/../lib/gcc/arm-none-eabi/10.3.1/../../../../arm-none-eabi/lib/thumb/v7e-m+fp/hard\libc_nano.a(lib_a-impure.o)
 .text          0x00000000        0x0 e:/david/documentos/megasync/trabajo/stm/.dspboardsdk/gcc/bin/../lib/gcc/arm-none-eabi/10.3.1/../../../../arm-none-eabi/lib/thumb/v7e-m+fp/hard\libc_nano.a(lib_a-init.o)
 .data          0x00000000        0x0 e:/david/documentos/megasync/trabajo/stm/.dspboardsdk/gcc/bin/../lib/gcc/arm-none-eabi/10.3.1/../../../../arm-none-eabi/lib/thumb/v7e-m+fp/hard\libc_nano.a(lib_a-init.o)
 .bss           0x00000000        0x0 e:/david/documentos/megasync/trabajo/stm/.dspboardsdk/gcc/bin/../lib/gcc/arm-none-eabi/10.3.1/../../../../arm-none-eabi/lib/thumb/v7e-m+fp/hard\libc_nano.a(lib_a-init.o)
 .text          0x00000000        0x0 e:/david/documentos/megasync/trabajo/stm/.dspboardsdk/gcc/bin/../lib/gcc/arm-none-eabi/10.3.1/../../../../arm-none-eabi/lib/thumb/v7e-m+fp/hard\libc_nano.a(lib_a-memset.o)
 .data          0x00000000        0x0 e:/david/documentos/megasync/trabajo/stm/.dspboardsdk/gcc/bin/../lib/gcc/arm-none-eabi/10.3.1/../../../../arm-none-eabi/lib/thumb/v7e-m+fp/hard\libc_nano.a(lib_a-memset.o)
 .bss           0x00000000        0x0 e:/david/documentos/megasync/trabajo/stm/.dspboardsdk/gcc/bin/../lib/gcc/arm-none-eabi/10.3.1/../../../../arm-none-eabi/lib/thumb/v7e-m+fp/hard\libc_nano.a(lib_a-memset.o)
 .text.memset   0x00000000       0x10 e:/david/documentos/megasync/trabajo/stm/.dspboardsdk/gcc/bin/../lib/gcc/arm-none-eabi/10.3.1/../../../../arm-none-eabi/lib/thumb/v7e-m+fp/hard\libc_nano.a(lib_a-memset.o)
 .debug_frame   0x00000000       0x20 e:/david/documentos/megasync/trabajo/stm/.dspboardsdk/gcc/bin/../lib/gcc/arm-none-eabi/10.3.1/../../../../arm-none-eabi/lib/thumb/v7e-m+fp/hard\libc_nano.a(lib_a-memset.o)
 .ARM.attributes
                0x00000000       0x34 e:/david/documentos/megasync/trabajo/stm/.dspboardsdk/gcc/bin/../lib/gcc/arm-none-eabi/10.3.1/../../../../arm-none-eabi/lib/thumb/v7e-m+fp/hard\libc_nano.a(lib_a-memset.o)
 .text          0x00000000        0x0 e:/david/documentos/megasync/trabajo/stm/.dspboardsdk/gcc/bin/../lib/gcc/arm-none-eabi/10.3.1/../../../../arm-none-eabi/lib/thumb/v7e-m+fp/hard\libnosys.a(_exit.o)
 .data          0x00000000        0x0 e:/david/documentos/megasync/trabajo/stm/.dspboardsdk/gcc/bin/../lib/gcc/arm-none-eabi/10.3.1/../../../../arm-none-eabi/lib/thumb/v7e-m+fp/hard\libnosys.a(_exit.o)
 .bss           0x00000000        0x0 e:/david/documentos/megasync/trabajo/stm/.dspboardsdk/gcc/bin/../lib/gcc/arm-none-eabi/10.3.1/../../../../arm-none-eabi/lib/thumb/v7e-m+fp/hard\libnosys.a(_exit.o)
 .text._exit    0x00000000        0x4 e:/david/documentos/megasync/trabajo/stm/.dspboardsdk/gcc/bin/../lib/gcc/arm-none-eabi/10.3.1/../../../../arm-none-eabi/lib/thumb/v7e-m+fp/hard\libnosys.a(_exit.o)
 .debug_frame   0x00000000       0x20 e:/david/documentos/megasync/trabajo/stm/.dspboardsdk/gcc/bin/../lib/gcc/arm-none-eabi/10.3.1/../../../../arm-none-eabi/lib/thumb/v7e-m+fp/hard\libnosys.a(_exit.o)
 .ARM.attributes
                0x00000000       0x34 e:/david/documentos/megasync/trabajo/stm/.dspboardsdk/gcc/bin/../lib/gcc/arm-none-eabi/10.3.1/../../../../arm-none-eabi/lib/thumb/v7e-m+fp/hard\libnosys.a(_exit.o)
 .text          0x00000000        0x0 e:/david/documentos/megasync/trabajo/stm/.dspboardsdk/gcc/bin/../lib/gcc/arm-none-eabi/10.3.1/thumb/v7e-m+fp/hard/crtend.o
 .data          0x00000000        0x0 e:/david/documentos/megasync/trabajo/stm/.dspboardsdk/gcc/bin/../lib/gcc/arm-none-eabi/10.3.1/thumb/v7e-m+fp/hard/crtend.o
 .bss           0x00000000        0x0 e:/david/documentos/megasync/trabajo/stm/.dspboardsdk/gcc/bin/../lib/gcc/arm-none-eabi/10.3.1/thumb/v7e-m+fp/hard/crtend.o
 .rodata        0x00000000       0x24 e:/david/documentos/megasync/trabajo/stm/.dspboardsdk/gcc/bin/../lib/gcc/arm-none-eabi/10.3.1/thumb/v7e-m+fp/hard/crtend.o
 .eh_frame      0x00000000        0x4 e:/david/documentos/megasync/trabajo/stm/.dspboardsdk/gcc/bin/../lib/gcc/arm-none-eabi/10.3.1/thumb/v7e-m+fp/hard/crtend.o
 .ARM.attributes
                0x00000000       0x34 e:/david/documentos/megasync/trabajo/stm/.dspboardsdk/gcc/bin/../lib/gcc/arm-none-eabi/10.3.1/thumb/v7e-m+fp/hard/crtend.o
 .text          0x00000000        0x0 e:/david/documentos/megasync/trabajo/stm/.dspboardsdk/gcc/bin/../lib/gcc/arm-none-eabi/10.3.1/thumb/v7e-m+fp/hard/crtn.o
 .data          0x00000000        0x0 e:/david/documentos/megasync/trabajo/stm/.dspboardsdk/gcc/bin/../lib/gcc/arm-none-eabi/10.3.1/thumb/v7e-m+fp/hard/crtn.o
 .bss           0x00000000        0x0 e:/david/documentos/megasync/trabajo/stm/.dspboardsdk/gcc/bin/../lib/gcc/arm-none-eabi/10.3.1/thumb/v7e-m+fp/hard/crtn.o

Memory Configuration

Name             Origin             Length             Attributes
FLASH            0x08000000         0x00080000         xr
RAM              0x20000000         0x00020000         xrw
CCMRAM           0x10000000         0x00010000         xrw
BRAM             0x40024000         0x00001000         rw
*default*        0x00000000         0xffffffff

Linker script and memory map

LOAD e:/david/documentos/megasync/trabajo/stm/.dspboardsdk/gcc/bin/../lib/gcc/arm-none-eabi/10.3.1/thumb/v7e-m+fp/hard/crti.o
LOAD e:/david/documentos/megasync/trabajo/stm/.dspboardsdk/gcc/bin/../lib/gcc/arm-none-eabi/10.3.1/thumb/v7e-m+fp/hard/crtbegin.o
LOAD e:/david/documentos/megasync/trabajo/stm/.dspboardsdk/gcc/bin/../lib/gcc/arm-none-eabi/10.3.1/../../../../arm-none-eabi/lib/thumb/v7e-m+fp/hard/crt0.o
LOAD build/Debug/system_stm32f4xx.o
LOAD build/Debug/main.o
LOAD build/Debug/startup_stm32f407xx.o
LOAD build/lib/Debug\libgpio.a
LOAD build/lib/Debug\librcc.a
LOAD build/lib/Debug\libflash.a
LOAD build/lib/Debug\libdelay.a
LOAD e:/david/documentos/megasync/trabajo/stm/.dspboardsdk/gcc/bin/../lib/gcc/arm-none-eabi/10.3.1/../../../../arm-none-eabi/lib/thumb/v7e-m+fp/hard\libc_nano.a
LOAD e:/david/documentos/megasync/trabajo/stm/.dspboardsdk/gcc/bin/../lib/gcc/arm-none-eabi/10.3.1/../../../../arm-none-eabi/lib/thumb/v7e-m+fp/hard\libm.a
LOAD e:/david/documentos/megasync/trabajo/stm/.dspboardsdk/gcc/bin/../lib/gcc/arm-none-eabi/10.3.1/../../../../arm-none-eabi/lib/thumb/v7e-m+fp/hard\libnosys.a
START GROUP
LOAD e:/david/documentos/megasync/trabajo/stm/.dspboardsdk/gcc/bin/../lib/gcc/arm-none-eabi/10.3.1/thumb/v7e-m+fp/hard\libgcc.a
LOAD e:/david/documentos/megasync/trabajo/stm/.dspboardsdk/gcc/bin/../lib/gcc/arm-none-eabi/10.3.1/../../../../arm-none-eabi/lib/thumb/v7e-m+fp/hard\libc_nano.a
END GROUP
START GROUP
LOAD e:/david/documentos/megasync/trabajo/stm/.dspboardsdk/gcc/bin/../lib/gcc/arm-none-eabi/10.3.1/thumb/v7e-m+fp/hard\libgcc.a
LOAD e:/david/documentos/megasync/trabajo/stm/.dspboardsdk/gcc/bin/../lib/gcc/arm-none-eabi/10.3.1/../../../../arm-none-eabi/lib/thumb/v7e-m+fp/hard\libc_nano.a
LOAD e:/david/documentos/megasync/trabajo/stm/.dspboardsdk/gcc/bin/../lib/gcc/arm-none-eabi/10.3.1/../../../../arm-none-eabi/lib/thumb/v7e-m+fp/hard\libnosys.a
END GROUP
START GROUP
LOAD e:/david/documentos/megasync/trabajo/stm/.dspboardsdk/gcc/bin/../lib/gcc/arm-none-eabi/10.3.1/thumb/v7e-m+fp/hard\libgcc.a
LOAD e:/david/documentos/megasync/trabajo/stm/.dspboardsdk/gcc/bin/../lib/gcc/arm-none-eabi/10.3.1/../../../../arm-none-eabi/lib/thumb/v7e-m+fp/hard\libc_nano.a
LOAD e:/david/documentos/megasync/trabajo/stm/.dspboardsdk/gcc/bin/../lib/gcc/arm-none-eabi/10.3.1/../../../../arm-none-eabi/lib/thumb/v7e-m+fp/hard\libnosys.a
END GROUP
LOAD e:/david/documentos/megasync/trabajo/stm/.dspboardsdk/gcc/bin/../lib/gcc/arm-none-eabi/10.3.1/thumb/v7e-m+fp/hard/crtend.o
LOAD e:/david/documentos/megasync/trabajo/stm/.dspboardsdk/gcc/bin/../lib/gcc/arm-none-eabi/10.3.1/thumb/v7e-m+fp/hard/crtn.o
                0x20020000                _estack = (ORIGIN (RAM) + LENGTH (RAM))
                0x00000000                _Min_Heap_Size = 0x0
                0x00000400                _Min_Stack_Size = 0x400

.isr_vector     0x08000000      0x1a8
                0x08000000                . = ALIGN (0x4)
 *(.isr_vector)
 .isr_vector    0x08000000      0x1a8 build/Debug/startup_stm32f407xx.o
                0x08000000                g_pfnVectors
                0x080001a8                . = ALIGN (0x4)

.text           0x080001a8      0x6b8
                0x080001a8                . = ALIGN (0x4)
 *(.text)
 .text          0x080001a8       0x40 e:/david/documentos/megasync/trabajo/stm/.dspboardsdk/gcc/bin/../lib/gcc/arm-none-eabi/10.3.1/thumb/v7e-m+fp/hard/crtbegin.o
 *(.text*)
 .text.SystemInit
                0x080001e8       0x14 build/Debug/system_stm32f4xx.o
                0x080001e8                SystemInit
 .text.SystemCoreClockUpdate
                0x080001fc       0xa0 build/Debug/system_stm32f4xx.o
                0x080001fc                SystemCoreClockUpdate
 .text.sys_clk_update
                0x0800029c        0xc build/Debug/main.o
 .text.main     0x080002a8       0x5c build/Debug/main.o
                0x080002a8                main
 .text.Reset_Handler
                0x08000304       0x8c build/Debug/startup_stm32f407xx.o
                0x08000304                Reset_Handler
 .text.Default_Handler
                0x08000390        0x2 build/Debug/startup_stm32f407xx.o
                0x08000390                RTC_Alarm_IRQHandler
                0x08000390                HASH_RNG_IRQHandler
                0x08000390                EXTI2_IRQHandler
                0x08000390                TIM8_CC_IRQHandler
                0x08000390                DebugMon_Handler
                0x08000390                TIM1_CC_IRQHandler
                0x08000390                DMA2_Stream5_IRQHandler
                0x08000390                HardFault_Handler
                0x08000390                DMA1_Stream5_IRQHandler
                0x08000390                SysTick_Handler
                0x08000390                PVD_IRQHandler
                0x08000390                SDIO_IRQHandler
                0x08000390                TAMP_STAMP_IRQHandler
                0x08000390                PendSV_Handler
                0x08000390                NMI_Handler
                0x08000390                CAN2_RX1_IRQHandler
                0x08000390                EXTI3_IRQHandler
                0x08000390                TIM8_TRG_COM_TIM14_IRQHandler
                0x08000390                TIM1_UP_TIM10_IRQHandler
                0x08000390                TIM8_UP_TIM13_IRQHandler
                0x08000390                I2C3_ER_IRQHandler
                0x08000390                LCD_TFT_IRQHandler
                0x08000390                EXTI0_IRQHandler
                0x08000390                I2C2_EV_IRQHandler
                0x08000390                DMA1_Stream2_IRQHandler
                0x08000390                CAN1_RX0_IRQHandler
                0x08000390                FPU_IRQHandler
                0x08000390                OTG_HS_WKUP_IRQHandler
                0x08000390                UsageFault_Handler
                0x08000390                CAN2_SCE_IRQHandler
                0x08000390                DMA2_Stream2_IRQHandler
                0x08000390                SPI1_IRQHandler
                0x08000390                TIM6_DAC_IRQHandler
                0x08000390                TIM1_BRK_TIM9_IRQHandler
                0x08000390                DCMI_IRQHandler
                0x08000390                CAN2_RX0_IRQHandler
                0x08000390                DMA2_Stream3_IRQHandler
                0x08000390                USART6_IRQHandler
                0x08000390                USART3_IRQHandler
                0x08000390                CRYP_IRQHandler
                0x08000390                CAN1_RX1_IRQHandler
                0x08000390                UART5_IRQHandler
                0x08000390                DMA2_Stream0_IRQHandler
                0x08000390                TIM4_IRQHandler
                0x08000390                I2C1_EV_IRQHandler
                0x08000390                DMA1_Stream6_IRQHandler
                0x08000390                DMA1_Stream1_IRQHandler
                0x08000390                UART4_IRQHandler
                0x08000390                LCD_TFT_1_IRQHandler
                0x08000390                TIM3_IRQHandler
                0x08000390                RCC_IRQHandler
                0x08000390                TIM8_BRK_TIM12_IRQHandler
                0x08000390                Default_Handler
                0x08000390                EXTI15_10_IRQHandler
                0x08000390                ADC_IRQHandler
                0x08000390                DMA1_Stream7_IRQHandler
                0x08000390                TIM7_IRQHandler
                0x08000390                CAN2_TX_IRQHandler
                0x08000390                TIM5_IRQHandler
                0x08000390                DMA2_Stream7_IRQHandler
                0x08000390                I2C3_EV_IRQHandler
                0x08000390                EXTI9_5_IRQHandler
                0x08000390                RTC_WKUP_IRQHandler
                0x08000390                ETH_WKUP_IRQHandler
                0x08000390                SPI2_IRQHandler
                0x08000390                OTG_HS_EP1_IN_IRQHandler
                0x08000390                MemManage_Handler
                0x08000390                DMA1_Stream0_IRQHandler
                0x08000390                CAN1_TX_IRQHandler
                0x08000390                SVC_Handler
                0x08000390                EXTI4_IRQHandler
                0x08000390                FSMC_IRQHandler
                0x08000390                ETH_IRQHandler
                0x08000390                OTG_HS_EP1_OUT_IRQHandler
                0x08000390                WWDG_IRQHandler
                0x08000390                TIM2_IRQHandler
                0x08000390                OTG_FS_WKUP_IRQHandler
                0x08000390                TIM1_TRG_COM_TIM11_IRQHandler
                0x08000390                OTG_HS_IRQHandler
                0x08000390                EXTI1_IRQHandler
                0x08000390                USART2_IRQHandler
                0x08000390                I2C2_ER_IRQHandler
                0x08000390                DMA2_Stream1_IRQHandler
                0x08000390                CAN1_SCE_IRQHandler
                0x08000390                DMA2_Stream4_IRQHandler
                0x08000390                BusFault_Handler
                0x08000390                USART1_IRQHandler
                0x08000390                OTG_FS_IRQHandler
                0x08000390                SPI3_IRQHandler
                0x08000390                DMA1_Stream4_IRQHandler
                0x08000390                I2C1_ER_IRQHandler
                0x08000390                DMA2_Stream6_IRQHandler
                0x08000390                DMA1_Stream3_IRQHandler
 .text.sys_clk_update
                0x08000392        0xc build/lib/Debug\libgpio.a(gpio.o)
 .text.gpio_config_mode
                0x0800039e       0x4c build/lib/Debug\libgpio.a(gpio.o)
                0x0800039e                gpio_config_mode
 .text.gpio_config_speed
                0x080003ea       0x4c build/lib/Debug\libgpio.a(gpio.o)
                0x080003ea                gpio_config_speed
 .text.sys_clk_update
                0x08000436        0xc build/lib/Debug\librcc.a(rcc.o)
 *fill*         0x08000442        0x2 
 .text.rcc_sysclk_select
                0x08000444      0x12c build/lib/Debug\librcc.a(rcc.o)
                0x08000444                rcc_sysclk_select
 .text.rcc_pll_param_cpte
                0x08000570       0xf8 build/lib/Debug\librcc.a(rcc.o)
                0x08000570                rcc_pll_param_cpte
 .text.rcc_pll_param_set
                0x08000668       0x44 build/lib/Debug\librcc.a(rcc.o)
                0x08000668                rcc_pll_param_set
 .text.rcc_pll_param_clr
                0x080006ac       0x1c build/lib/Debug\librcc.a(rcc.o)
                0x080006ac                rcc_pll_param_clr
 .text.sys_clk_update
                0x080006c8        0xc build/lib/Debug\libflash.a(flash.o)
 .text.flash_acr_config_auto
                0x080006d4       0xd8 build/lib/Debug\libflash.a(flash.o)
                0x080006d4                flash_acr_config_auto
 .text.sys_clk_update
                0x080007ac        0xc build/lib/Debug\libdelay.a(delay.o)
 .text.delay_init
                0x080007b8       0x30 build/lib/Debug\libdelay.a(delay.o)
                0x080007b8                delay_init
 .text.delay_ms
                0x080007e8       0x18 build/lib/Debug\libdelay.a(delay.o)
                0x080007e8                delay_ms
 .text.__libc_init_array
                0x08000800       0x48 e:/david/documentos/megasync/trabajo/stm/.dspboardsdk/gcc/bin/../lib/gcc/arm-none-eabi/10.3.1/../../../../arm-none-eabi/lib/thumb/v7e-m+fp/hard\libc_nano.a(lib_a-init.o)
                0x08000800                __libc_init_array
 *(.glue_7)
 .glue_7        0x08000848        0x0 linker stubs
 *(.glue_7t)
 .glue_7t       0x08000848        0x0 linker stubs
 *(.eh_frame)
 .eh_frame      0x08000848        0x0 e:/david/documentos/megasync/trabajo/stm/.dspboardsdk/gcc/bin/../lib/gcc/arm-none-eabi/10.3.1/thumb/v7e-m+fp/hard/crtbegin.o
 *(.init)
 .init          0x08000848        0x4 e:/david/documentos/megasync/trabajo/stm/.dspboardsdk/gcc/bin/../lib/gcc/arm-none-eabi/10.3.1/thumb/v7e-m+fp/hard/crti.o
                0x08000848                _init
 .init          0x0800084c        0x8 e:/david/documentos/megasync/trabajo/stm/.dspboardsdk/gcc/bin/../lib/gcc/arm-none-eabi/10.3.1/thumb/v7e-m+fp/hard/crtn.o
 *(.fini)
 .fini          0x08000854        0x4 e:/david/documentos/megasync/trabajo/stm/.dspboardsdk/gcc/bin/../lib/gcc/arm-none-eabi/10.3.1/thumb/v7e-m+fp/hard/crti.o
                0x08000854                _fini
 .fini          0x08000858        0x8 e:/david/documentos/megasync/trabajo/stm/.dspboardsdk/gcc/bin/../lib/gcc/arm-none-eabi/10.3.1/thumb/v7e-m+fp/hard/crtn.o
                0x08000860                . = ALIGN (0x4)
                0x08000860                _etext = .

.vfp11_veneer   0x08000860        0x0
 .vfp11_veneer  0x08000860        0x0 linker stubs

.v4_bx          0x08000860        0x0
 .v4_bx         0x08000860        0x0 linker stubs

.iplt           0x08000860        0x0
 .iplt          0x08000860        0x0 e:/david/documentos/megasync/trabajo/stm/.dspboardsdk/gcc/bin/../lib/gcc/arm-none-eabi/10.3.1/thumb/v7e-m+fp/hard/crtbegin.o

.rodata         0x08000860       0x24
                0x08000860                . = ALIGN (0x4)
 *(.rodata)
 .rodata        0x08000860       0x14 build/lib/Debug\librcc.a(rcc.o)
 *(.rodata*)
 .rodata.AHBPrescTable
                0x08000874       0x10 build/Debug/system_stm32f4xx.o
                0x08000874                AHBPrescTable
                0x08000884                . = ALIGN (0x4)

.rel.dyn        0x08000884        0x0
 .rel.iplt      0x08000884        0x0 e:/david/documentos/megasync/trabajo/stm/.dspboardsdk/gcc/bin/../lib/gcc/arm-none-eabi/10.3.1/thumb/v7e-m+fp/hard/crtbegin.o

.ARM.extab      0x08000884        0x0
                0x08000884                . = ALIGN (0x4)
 *(.ARM.extab* .gnu.linkonce.armextab.*)
                0x08000884                . = ALIGN (0x4)

.ARM            0x08000884        0x0
                0x08000884                . = ALIGN (0x4)
                0x08000884                __exidx_start = .
 *(.ARM.exidx*)
                0x08000884                __exidx_end = .
                0x08000884                . = ALIGN (0x4)

.preinit_array  0x08000884        0x0
                0x08000884                . = ALIGN (0x4)
                0x08000884                PROVIDE (__preinit_array_start = .)
 *(.preinit_array*)
                0x08000884                PROVIDE (__preinit_array_end = .)
                0x08000884                . = ALIGN (0x4)

.init_array     0x08000884       0x18
                0x08000884                . = ALIGN (0x4)
                0x08000884                PROVIDE (__init_array_start = .)
 *(SORT_BY_NAME(.init_array.*))
 *(.init_array*)
 .init_array    0x08000884        0x4 e:/david/documentos/megasync/trabajo/stm/.dspboardsdk/gcc/bin/../lib/gcc/arm-none-eabi/10.3.1/thumb/v7e-m+fp/hard/crtbegin.o
 .init_array    0x08000888        0x4 build/Debug/main.o
 .init_array    0x0800088c        0x4 build/lib/Debug\libgpio.a(gpio.o)
 .init_array    0x08000890        0x4 build/lib/Debug\librcc.a(rcc.o)
 .init_array    0x08000894        0x4 build/lib/Debug\libflash.a(flash.o)
 .init_array    0x08000898        0x4 build/lib/Debug\libdelay.a(delay.o)
                0x0800089c                PROVIDE (__init_array_end = .)
                0x0800089c                . = ALIGN (0x4)

.fini_array     0x0800089c        0x4
                0x0800089c                . = ALIGN (0x4)
                [!provide]                PROVIDE (__fini_array_start = .)
 *(SORT_BY_NAME(.fini_array.*))
 *(.fini_array*)
 .fini_array    0x0800089c        0x4 e:/david/documentos/megasync/trabajo/stm/.dspboardsdk/gcc/bin/../lib/gcc/arm-none-eabi/10.3.1/thumb/v7e-m+fp/hard/crtbegin.o
                [!provide]                PROVIDE (__fini_array_end = .)
                0x080008a0                . = ALIGN (0x4)
                0x080008a0                _sidata = LOADADDR (.data)

.data           0x20000000        0x8 load address 0x080008a0
                0x20000000                . = ALIGN (0x4)
                0x20000000                _sdata = .
 *(.data)
 *(.data*)
 .data.SystemCoreClock
                0x20000000        0x4 build/Debug/system_stm32f4xx.o
                0x20000000                SystemCoreClock
 .data.system_clk
                0x20000004        0x4 build/lib/Debug\librcc.a(rcc.o)
                0x20000004                system_clk
 *(.ramFunc)
 *(.ramFunc*)
                0x20000008                . = ALIGN (0x4)
                0x20000008                _edata = .

.igot.plt       0x20000008        0x0 load address 0x080008a8
 .igot.plt      0x20000008        0x0 e:/david/documentos/megasync/trabajo/stm/.dspboardsdk/gcc/bin/../lib/gcc/arm-none-eabi/10.3.1/thumb/v7e-m+fp/hard/crtbegin.o
                0x20000008                . = ALIGN (0x4)

.bss            0x20000008       0x30 load address 0x080008a8
                0x20000008                _sbss = .
                0x20000008                __bss_start__ = _sbss
 *(.bss)
 .bss           0x20000008       0x1c e:/david/documentos/megasync/trabajo/stm/.dspboardsdk/gcc/bin/../lib/gcc/arm-none-eabi/10.3.1/thumb/v7e-m+fp/hard/crtbegin.o
 *(.bss*)
 .bss.pll_parameters
                0x20000024        0xc build/lib/Debug\librcc.a(rcc.o)
 .bss.DELAY_CYCLES_MS
                0x20000030        0x4 build/lib/Debug\libdelay.a(delay.o)
 .bss.DELAY_CYCLES_US
                0x20000034        0x4 build/lib/Debug\libdelay.a(delay.o)
                0x20000034                DELAY_CYCLES_US
 *(COMMON)
                0x20000038                . = ALIGN (0x4)
                0x20000038                _ebss = .
                0x20000038                __bss_end__ = _ebss

._user_heap_stack
                0x20000038      0x400 load address 0x080008a8
                0x20000038                . = ALIGN (0x8)
                [!provide]                PROVIDE (end = .)
                [!provide]                PROVIDE (_end = .)
                0x20000038                . = (. + _Min_Heap_Size)
                0x20000438                . = (. + _Min_Stack_Size)
 *fill*         0x20000038      0x400 
                0x20000438                . = ALIGN (0x8)
                0x080008a8                _siccmdata = LOADADDR (.ccmdata)

.ccmdata        0x10000000        0x0 load address 0x080008a8
                0x10000000                . = ALIGN (0x4)
                0x10000000                _sccmdata = .
 *(.ccmdata)
 *(.ccmdata*)
                0x10000000                . = ALIGN (0x4)
                0x10000000                _eccmdata = .
                0x10000000                . = ALIGN (0x4)

.ccmbss         0x10000000        0x0 load address 0x080008a8
                0x10000000                _sccmbss = .
 *(.ccmbss)
 *(.ccmbss*)
                0x10000000                . = ALIGN (0x4)
                0x10000000                _eccmbss = .

.bram           0x40024000        0x0
                0x40024000                . = ALIGN (0x4)
                0x40024000                _sbram = .
 *(.bram)
 *(.bram*)
                0x40024000                . = ALIGN (0x4)
                0x40024000                _ebram = .

/DISCARD/
 libc.a(*)
 libm.a(*)
 libgcc.a(*)

.ARM.attributes
                0x00000000       0x30
 *(.ARM.attributes)
 .ARM.attributes
                0x00000000       0x1e e:/david/documentos/megasync/trabajo/stm/.dspboardsdk/gcc/bin/../lib/gcc/arm-none-eabi/10.3.1/thumb/v7e-m+fp/hard/crti.o
 .ARM.attributes
                0x0000001e       0x34 e:/david/documentos/megasync/trabajo/stm/.dspboardsdk/gcc/bin/../lib/gcc/arm-none-eabi/10.3.1/thumb/v7e-m+fp/hard/crtbegin.o
 .ARM.attributes
                0x00000052       0x34 build/Debug/system_stm32f4xx.o
 .ARM.attributes
                0x00000086       0x34 build/Debug/main.o
 .ARM.attributes
                0x000000ba       0x21 build/Debug/startup_stm32f407xx.o
 .ARM.attributes
                0x000000db       0x34 build/lib/Debug\libgpio.a(gpio.o)
 .ARM.attributes
                0x0000010f       0x34 build/lib/Debug\librcc.a(rcc.o)
 .ARM.attributes
                0x00000143       0x34 build/lib/Debug\libflash.a(flash.o)
 .ARM.attributes
                0x00000177       0x34 build/lib/Debug\libdelay.a(delay.o)
 .ARM.attributes
                0x000001ab       0x34 e:/david/documentos/megasync/trabajo/stm/.dspboardsdk/gcc/bin/../lib/gcc/arm-none-eabi/10.3.1/../../../../arm-none-eabi/lib/thumb/v7e-m+fp/hard\libc_nano.a(lib_a-init.o)
 .ARM.attributes
                0x000001df       0x1e e:/david/documentos/megasync/trabajo/stm/.dspboardsdk/gcc/bin/../lib/gcc/arm-none-eabi/10.3.1/thumb/v7e-m+fp/hard/crtn.o
OUTPUT(output/Debug/test.elf elf32-littlearm)
LOAD linker stubs
LOAD e:/david/documentos/megasync/trabajo/stm/.dspboardsdk/gcc/bin/../lib/gcc/arm-none-eabi/10.3.1/../../../../arm-none-eabi/lib/thumb/v7e-m+fp/hard\libc.a
LOAD e:/david/documentos/megasync/trabajo/stm/.dspboardsdk/gcc/bin/../lib/gcc/arm-none-eabi/10.3.1/../../../../arm-none-eabi/lib/thumb/v7e-m+fp/hard\libm.a
LOAD e:/david/documentos/megasync/trabajo/stm/.dspboardsdk/gcc/bin/../lib/gcc/arm-none-eabi/10.3.1/thumb/v7e-m+fp/hard\libgcc.a

.debug_info     0x00000000     0x1e19
 .debug_info    0x00000000      0x535 build/Debug/system_stm32f4xx.o
 .debug_info    0x00000535      0x7ed build/Debug/main.o
 .debug_info    0x00000d22      0x717 build/lib/Debug\libgpio.a(gpio.o)
 .debug_info    0x00001439      0x5ac build/lib/Debug\librcc.a(rcc.o)
 .debug_info    0x000019e5      0x2d9 build/lib/Debug\libflash.a(flash.o)
 .debug_info    0x00001cbe      0x15b build/lib/Debug\libdelay.a(delay.o)

.debug_abbrev   0x00000000      0x944
 .debug_abbrev  0x00000000      0x11c build/Debug/system_stm32f4xx.o
 .debug_abbrev  0x0000011c      0x1cb build/Debug/main.o
 .debug_abbrev  0x000002e7      0x1b7 build/lib/Debug\libgpio.a(gpio.o)
 .debug_abbrev  0x0000049e      0x22d build/lib/Debug\librcc.a(rcc.o)
 .debug_abbrev  0x000006cb      0x169 build/lib/Debug\libflash.a(flash.o)
 .debug_abbrev  0x00000834      0x110 build/lib/Debug\libdelay.a(delay.o)

.debug_loc      0x00000000      0x8fa
 .debug_loc     0x00000000      0x158 build/Debug/system_stm32f4xx.o
 .debug_loc     0x00000158       0x8c build/Debug/main.o
 .debug_loc     0x000001e4      0x3c7 build/lib/Debug\libgpio.a(gpio.o)
 .debug_loc     0x000005ab      0x279 build/lib/Debug\librcc.a(rcc.o)
 .debug_loc     0x00000824       0x90 build/lib/Debug\libflash.a(flash.o)
 .debug_loc     0x000008b4       0x46 build/lib/Debug\libdelay.a(delay.o)

.debug_aranges  0x00000000      0x138
 .debug_aranges
                0x00000000       0x28 build/Debug/system_stm32f4xx.o
 .debug_aranges
                0x00000028       0x28 build/Debug/main.o
 .debug_aranges
                0x00000050       0x50 build/lib/Debug\libgpio.a(gpio.o)
 .debug_aranges
                0x000000a0       0x40 build/lib/Debug\librcc.a(rcc.o)
 .debug_aranges
                0x000000e0       0x28 build/lib/Debug\libflash.a(flash.o)
 .debug_aranges
                0x00000108       0x30 build/lib/Debug\libdelay.a(delay.o)

.debug_ranges   0x00000000      0x1c8
 .debug_ranges  0x00000000       0x18 build/Debug/system_stm32f4xx.o
 .debug_ranges  0x00000018       0x30 build/Debug/main.o
 .debug_ranges  0x00000048      0x100 build/lib/Debug\libgpio.a(gpio.o)
 .debug_ranges  0x00000148       0x30 build/lib/Debug\librcc.a(rcc.o)
 .debug_ranges  0x00000178       0x18 build/lib/Debug\libflash.a(flash.o)
 .debug_ranges  0x00000190       0x38 build/lib/Debug\libdelay.a(delay.o)

.debug_macro    0x00000000    0x18702
 .debug_macro   0x00000000       0xd4 build/Debug/system_stm32f4xx.o
 .debug_macro   0x000000d4      0xa8a build/Debug/system_stm32f4xx.o
 .debug_macro   0x00000b5e       0x2e build/Debug/system_stm32f4xx.o
 .debug_macro   0x00000b8c       0x2f build/Debug/system_stm32f4xx.o
 .debug_macro   0x00000bbb       0x22 build/Debug/system_stm32f4xx.o
 .debug_macro   0x00000bdd       0x8e build/Debug/system_stm32f4xx.o
 .debug_macro   0x00000c6b       0x51 build/Debug/system_stm32f4xx.o
 .debug_macro   0x00000cbc      0x103 build/Debug/system_stm32f4xx.o
 .debug_macro   0x00000dbf       0x6a build/Debug/system_stm32f4xx.o
 .debug_macro   0x00000e29      0x1df build/Debug/system_stm32f4xx.o
 .debug_macro   0x00001008       0x1c build/Debug/system_stm32f4xx.o
 .debug_macro   0x00001024       0x22 build/Debug/system_stm32f4xx.o
 .debug_macro   0x00001046       0xd9 build/Debug/system_stm32f4xx.o
 .debug_macro   0x0000111f     0x102d build/Debug/system_stm32f4xx.o
 .debug_macro   0x0000214c      0x11f build/Debug/system_stm32f4xx.o
 .debug_macro   0x0000226b    0x15e82 build/Debug/system_stm32f4xx.o
 .debug_macro   0x000180ed       0x6d build/Debug/system_stm32f4xx.o
 .debug_macro   0x0001815a      0x107 build/Debug/main.o
 .debug_macro   0x00018261       0x2e build/Debug/main.o
 .debug_macro   0x0001828f       0x6d build/Debug/main.o
 .debug_macro   0x000182fc       0x28 build/Debug/main.o
 .debug_macro   0x00018324       0xfb build/lib/Debug\libgpio.a(gpio.o)
 .debug_macro   0x0001841f       0xff build/lib/Debug\librcc.a(rcc.o)
 .debug_macro   0x0001851e       0xf1 build/lib/Debug\libflash.a(flash.o)
 .debug_macro   0x0001860f       0xf3 build/lib/Debug\libdelay.a(delay.o)

.debug_line     0x00000000     0x2103
 .debug_line    0x00000000      0x439 build/Debug/system_stm32f4xx.o
 .debug_line    0x00000439      0x436 build/Debug/main.o
 .debug_line    0x0000086f      0x8c2 build/lib/Debug\libgpio.a(gpio.o)
 .debug_line    0x00001131      0x693 build/lib/Debug\librcc.a(rcc.o)
 .debug_line    0x000017c4      0x4e2 build/lib/Debug\libflash.a(flash.o)
 .debug_line    0x00001ca6      0x45d build/lib/Debug\libdelay.a(delay.o)

.debug_str      0x00000000    0x88cd7
 .debug_str     0x00000000    0x8803a build/Debug/system_stm32f4xx.o
                              0x881ab (size before relaxing)
 .debug_str     0x0008803a      0x5ad build/Debug/main.o
                              0x886a6 (size before relaxing)
 .debug_str     0x000885e7      0x34f build/lib/Debug\libgpio.a(gpio.o)
                              0x885d0 (size before relaxing)
 .debug_str     0x00088936      0x118 build/lib/Debug\librcc.a(rcc.o)
                              0x883e3 (size before relaxing)
 .debug_str     0x00088a4e      0x1d5 build/lib/Debug\libflash.a(flash.o)
                              0x882b9 (size before relaxing)
 .debug_str     0x00088c23       0xb4 build/lib/Debug\libdelay.a(delay.o)
                              0x8818c (size before relaxing)

.comment        0x00000000       0x49
 .comment       0x00000000       0x49 build/Debug/system_stm32f4xx.o
                                 0x4a (size before relaxing)
 .comment       0x00000049       0x4a build/Debug/main.o
 .comment       0x00000049       0x4a build/lib/Debug\libgpio.a(gpio.o)
 .comment       0x00000049       0x4a build/lib/Debug\librcc.a(rcc.o)
 .comment       0x00000049       0x4a build/lib/Debug\libflash.a(flash.o)
 .comment       0x00000049       0x4a build/lib/Debug\libdelay.a(delay.o)

.debug_frame    0x00000000      0x2bc
 .debug_frame   0x00000000       0x30 build/Debug/system_stm32f4xx.o
 .debug_frame   0x00000030       0x40 build/Debug/main.o
 .debug_frame   0x00000070      0x100 build/lib/Debug\libgpio.a(gpio.o)
 .debug_frame   0x00000170       0xa0 build/lib/Debug\librcc.a(rcc.o)
 .debug_frame   0x00000210       0x38 build/lib/Debug\libflash.a(flash.o)
 .debug_frame   0x00000248       0x48 build/lib/Debug\libdelay.a(delay.o)
 .debug_frame   0x00000290       0x2c e:/david/documentos/megasync/trabajo/stm/.dspboardsdk/gcc/bin/../lib/gcc/arm-none-eabi/10.3.1/../../../../arm-none-eabi/lib/thumb/v7e-m+fp/hard\libc_nano.a(lib_a-init.o)

Cross Reference Table

Symbol                                            File
ADC_IRQHandler                                    build/Debug/startup_stm32f407xx.o
AHBPrescTable                                     build/Debug/system_stm32f4xx.o
APBPrescTable                                     build/Debug/system_stm32f4xx.o
BusFault_Handler                                  build/Debug/startup_stm32f407xx.o
CAN1_RX0_IRQHandler                               build/Debug/startup_stm32f407xx.o
CAN1_RX1_IRQHandler                               build/Debug/startup_stm32f407xx.o
CAN1_SCE_IRQHandler                               build/Debug/startup_stm32f407xx.o
CAN1_TX_IRQHandler                                build/Debug/startup_stm32f407xx.o
CAN2_RX0_IRQHandler                               build/Debug/startup_stm32f407xx.o
CAN2_RX1_IRQHandler                               build/Debug/startup_stm32f407xx.o
CAN2_SCE_IRQHandler                               build/Debug/startup_stm32f407xx.o
CAN2_TX_IRQHandler                                build/Debug/startup_stm32f407xx.o
CRYP_IRQHandler                                   build/Debug/startup_stm32f407xx.o
DCMI_IRQHandler                                   build/Debug/startup_stm32f407xx.o
DELAY_CYCLES_US                                   build/lib/Debug\libdelay.a(delay.o)
DMA1_Stream0_IRQHandler                           build/Debug/startup_stm32f407xx.o
DMA1_Stream1_IRQHandler                           build/Debug/startup_stm32f407xx.o
DMA1_Stream2_IRQHandler                           build/Debug/startup_stm32f407xx.o
DMA1_Stream3_IRQHandler                           build/Debug/startup_stm32f407xx.o
DMA1_Stream4_IRQHandler                           build/Debug/startup_stm32f407xx.o
DMA1_Stream5_IRQHandler                           build/Debug/startup_stm32f407xx.o
DMA1_Stream6_IRQHandler                           build/Debug/startup_stm32f407xx.o
DMA1_Stream7_IRQHandler                           build/Debug/startup_stm32f407xx.o
DMA2_Stream0_IRQHandler                           build/Debug/startup_stm32f407xx.o
DMA2_Stream1_IRQHandler                           build/Debug/startup_stm32f407xx.o
DMA2_Stream2_IRQHandler                           build/Debug/startup_stm32f407xx.o
DMA2_Stream3_IRQHandler                           build/Debug/startup_stm32f407xx.o
DMA2_Stream4_IRQHandler                           build/Debug/startup_stm32f407xx.o
DMA2_Stream5_IRQHandler                           build/Debug/startup_stm32f407xx.o
DMA2_Stream6_IRQHandler                           build/Debug/startup_stm32f407xx.o
DMA2_Stream7_IRQHandler                           build/Debug/startup_stm32f407xx.o
DebugMon_Handler                                  build/Debug/startup_stm32f407xx.o
Default_Handler                                   build/Debug/startup_stm32f407xx.o
ETH_IRQHandler                                    build/Debug/startup_stm32f407xx.o
ETH_WKUP_IRQHandler                               build/Debug/startup_stm32f407xx.o
EXTI0_IRQHandler                                  build/Debug/startup_stm32f407xx.o
EXTI15_10_IRQHandler                              build/Debug/startup_stm32f407xx.o
EXTI1_IRQHandler                                  build/Debug/startup_stm32f407xx.o
EXTI2_IRQHandler                                  build/Debug/startup_stm32f407xx.o
EXTI3_IRQHandler                                  build/Debug/startup_stm32f407xx.o
EXTI4_IRQHandler                                  build/Debug/startup_stm32f407xx.o
EXTI9_5_IRQHandler                                build/Debug/startup_stm32f407xx.o
FPU_IRQHandler                                    build/Debug/startup_stm32f407xx.o
FSMC_IRQHandler                                   build/Debug/startup_stm32f407xx.o
HASH_RNG_IRQHandler                               build/Debug/startup_stm32f407xx.o
HardFault_Handler                                 build/Debug/startup_stm32f407xx.o
I2C1_ER_IRQHandler                                build/Debug/startup_stm32f407xx.o
I2C1_EV_IRQHandler                                build/Debug/startup_stm32f407xx.o
I2C2_ER_IRQHandler                                build/Debug/startup_stm32f407xx.o
I2C2_EV_IRQHandler                                build/Debug/startup_stm32f407xx.o
I2C3_ER_IRQHandler                                build/Debug/startup_stm32f407xx.o
I2C3_EV_IRQHandler                                build/Debug/startup_stm32f407xx.o
LCD_TFT_1_IRQHandler                              build/Debug/startup_stm32f407xx.o
LCD_TFT_IRQHandler                                build/Debug/startup_stm32f407xx.o
MemManage_Handler                                 build/Debug/startup_stm32f407xx.o
NMI_Handler                                       build/Debug/startup_stm32f407xx.o
OTG_FS_IRQHandler                                 build/Debug/startup_stm32f407xx.o
OTG_FS_WKUP_IRQHandler                            build/Debug/startup_stm32f407xx.o
OTG_HS_EP1_IN_IRQHandler                          build/Debug/startup_stm32f407xx.o
OTG_HS_EP1_OUT_IRQHandler                         build/Debug/startup_stm32f407xx.o
OTG_HS_IRQHandler                                 build/Debug/startup_stm32f407xx.o
OTG_HS_WKUP_IRQHandler                            build/Debug/startup_stm32f407xx.o
PVD_IRQHandler                                    build/Debug/startup_stm32f407xx.o
PendSV_Handler                                    build/Debug/startup_stm32f407xx.o
RCC_IRQHandler                                    build/Debug/startup_stm32f407xx.o
RTC_Alarm_IRQHandler                              build/Debug/startup_stm32f407xx.o
RTC_WKUP_IRQHandler                               build/Debug/startup_stm32f407xx.o
Reset_Handler                                     build/Debug/startup_stm32f407xx.o
SDIO_IRQHandler                                   build/Debug/startup_stm32f407xx.o
SPI1_IRQHandler                                   build/Debug/startup_stm32f407xx.o
SPI2_IRQHandler                                   build/Debug/startup_stm32f407xx.o
SPI3_IRQHandler                                   build/Debug/startup_stm32f407xx.o
SVC_Handler                                       build/Debug/startup_stm32f407xx.o
SysTick_Handler                                   build/Debug/startup_stm32f407xx.o
SystemCoreClock                                   build/Debug/system_stm32f4xx.o
                                                  build/lib/Debug\libdelay.a(delay.o)
                                                  build/lib/Debug\librcc.a(rcc.o)
SystemCoreClockUpdate                             build/Debug/system_stm32f4xx.o
                                                  build/lib/Debug\libdelay.a(delay.o)
                                                  build/lib/Debug\libflash.a(flash.o)
                                                  build/lib/Debug\librcc.a(rcc.o)
                                                  build/lib/Debug\libgpio.a(gpio.o)
                                                  build/Debug/main.o
SystemInit                                        build/Debug/system_stm32f4xx.o
                                                  build/Debug/startup_stm32f407xx.o
TAMP_STAMP_IRQHandler                             build/Debug/startup_stm32f407xx.o
TIM1_BRK_TIM9_IRQHandler                          build/Debug/startup_stm32f407xx.o
TIM1_CC_IRQHandler                                build/Debug/startup_stm32f407xx.o
TIM1_TRG_COM_TIM11_IRQHandler                     build/Debug/startup_stm32f407xx.o
TIM1_UP_TIM10_IRQHandler                          build/Debug/startup_stm32f407xx.o
TIM2_IRQHandler                                   build/Debug/startup_stm32f407xx.o
TIM3_IRQHandler                                   build/Debug/startup_stm32f407xx.o
TIM4_IRQHandler                                   build/Debug/startup_stm32f407xx.o
TIM5_IRQHandler                                   build/Debug/startup_stm32f407xx.o
TIM6_DAC_IRQHandler                               build/Debug/startup_stm32f407xx.o
TIM7_IRQHandler                                   build/Debug/startup_stm32f407xx.o
TIM8_BRK_TIM12_IRQHandler                         build/Debug/startup_stm32f407xx.o
TIM8_CC_IRQHandler                                build/Debug/startup_stm32f407xx.o
TIM8_TRG_COM_TIM14_IRQHandler                     build/Debug/startup_stm32f407xx.o
TIM8_UP_TIM13_IRQHandler                          build/Debug/startup_stm32f407xx.o
UART4_IRQHandler                                  build/Debug/startup_stm32f407xx.o
UART5_IRQHandler                                  build/Debug/startup_stm32f407xx.o
USART1_IRQHandler                                 build/Debug/startup_stm32f407xx.o
USART2_IRQHandler                                 build/Debug/startup_stm32f407xx.o
USART3_IRQHandler                                 build/Debug/startup_stm32f407xx.o
USART6_IRQHandler                                 build/Debug/startup_stm32f407xx.o
UsageFault_Handler                                build/Debug/startup_stm32f407xx.o
WWDG_IRQHandler                                   build/Debug/startup_stm32f407xx.o
__bss_end__                                       e:/david/documentos/megasync/trabajo/stm/.dspboardsdk/gcc/bin/../lib/gcc/arm-none-eabi/10.3.1/../../../../arm-none-eabi/lib/thumb/v7e-m+fp/hard/crt0.o
__bss_start__                                     e:/david/documentos/megasync/trabajo/stm/.dspboardsdk/gcc/bin/../lib/gcc/arm-none-eabi/10.3.1/../../../../arm-none-eabi/lib/thumb/v7e-m+fp/hard/crt0.o
__call_exitprocs                                  e:/david/documentos/megasync/trabajo/stm/.dspboardsdk/gcc/bin/../lib/gcc/arm-none-eabi/10.3.1/../../../../arm-none-eabi/lib/thumb/v7e-m+fp/hard\libc_nano.a(lib_a-exit.o)
__deregister_frame_info                           e:/david/documentos/megasync/trabajo/stm/.dspboardsdk/gcc/bin/../lib/gcc/arm-none-eabi/10.3.1/thumb/v7e-m+fp/hard/crtbegin.o
__dso_handle                                      e:/david/documentos/megasync/trabajo/stm/.dspboardsdk/gcc/bin/../lib/gcc/arm-none-eabi/10.3.1/thumb/v7e-m+fp/hard/crtbegin.o
__init_array_end                                  e:/david/documentos/megasync/trabajo/stm/.dspboardsdk/gcc/bin/../lib/gcc/arm-none-eabi/10.3.1/../../../../arm-none-eabi/lib/thumb/v7e-m+fp/hard\libc_nano.a(lib_a-init.o)
__init_array_start                                e:/david/documentos/megasync/trabajo/stm/.dspboardsdk/gcc/bin/../lib/gcc/arm-none-eabi/10.3.1/../../../../arm-none-eabi/lib/thumb/v7e-m+fp/hard\libc_nano.a(lib_a-init.o)
__libc_fini_array                                 e:/david/documentos/megasync/trabajo/stm/.dspboardsdk/gcc/bin/../lib/gcc/arm-none-eabi/10.3.1/../../../../arm-none-eabi/lib/thumb/v7e-m+fp/hard/crt0.o
__libc_init_array                                 e:/david/documentos/megasync/trabajo/stm/.dspboardsdk/gcc/bin/../lib/gcc/arm-none-eabi/10.3.1/../../../../arm-none-eabi/lib/thumb/v7e-m+fp/hard\libc_nano.a(lib_a-init.o)
                                                  build/Debug/startup_stm32f407xx.o
                                                  e:/david/documentos/megasync/trabajo/stm/.dspboardsdk/gcc/bin/../lib/gcc/arm-none-eabi/10.3.1/../../../../arm-none-eabi/lib/thumb/v7e-m+fp/hard/crt0.o
__preinit_array_end                               e:/david/documentos/megasync/trabajo/stm/.dspboardsdk/gcc/bin/../lib/gcc/arm-none-eabi/10.3.1/../../../../arm-none-eabi/lib/thumb/v7e-m+fp/hard\libc_nano.a(lib_a-init.o)
__preinit_array_start                             e:/david/documentos/megasync/trabajo/stm/.dspboardsdk/gcc/bin/../lib/gcc/arm-none-eabi/10.3.1/../../../../arm-none-eabi/lib/thumb/v7e-m+fp/hard\libc_nano.a(lib_a-init.o)
__register_frame_info                             e:/david/documentos/megasync/trabajo/stm/.dspboardsdk/gcc/bin/../lib/gcc/arm-none-eabi/10.3.1/thumb/v7e-m+fp/hard/crtbegin.o
__sf_fake_stderr                                  e:/david/documentos/megasync/trabajo/stm/.dspboardsdk/gcc/bin/../lib/gcc/arm-none-eabi/10.3.1/../../../../arm-none-eabi/lib/thumb/v7e-m+fp/hard\libc_nano.a(lib_a-impure.o)
__sf_fake_stdin                                   e:/david/documentos/megasync/trabajo/stm/.dspboardsdk/gcc/bin/../lib/gcc/arm-none-eabi/10.3.1/../../../../arm-none-eabi/lib/thumb/v7e-m+fp/hard\libc_nano.a(lib_a-impure.o)
__sf_fake_stdout                                  e:/david/documentos/megasync/trabajo/stm/.dspboardsdk/gcc/bin/../lib/gcc/arm-none-eabi/10.3.1/../../../../arm-none-eabi/lib/thumb/v7e-m+fp/hard\libc_nano.a(lib_a-impure.o)
__stack                                           e:/david/documentos/megasync/trabajo/stm/.dspboardsdk/gcc/bin/../lib/gcc/arm-none-eabi/10.3.1/../../../../arm-none-eabi/lib/thumb/v7e-m+fp/hard/crt0.o
_ebss                                             build/Debug/startup_stm32f407xx.o
_eccmbbs                                          build/Debug/startup_stm32f407xx.o
_eccmbss                                          build/Debug/startup_stm32f407xx.o
_eccmdata                                         build/Debug/startup_stm32f407xx.o
_edata                                            build/Debug/startup_stm32f407xx.o
_estack                                           build/Debug/startup_stm32f407xx.o
_exit                                             e:/david/documentos/megasync/trabajo/stm/.dspboardsdk/gcc/bin/../lib/gcc/arm-none-eabi/10.3.1/../../../../arm-none-eabi/lib/thumb/v7e-m+fp/hard\libnosys.a(_exit.o)
                                                  e:/david/documentos/megasync/trabajo/stm/.dspboardsdk/gcc/bin/../lib/gcc/arm-none-eabi/10.3.1/../../../../arm-none-eabi/lib/thumb/v7e-m+fp/hard\libc_nano.a(lib_a-exit.o)
_fini                                             e:/david/documentos/megasync/trabajo/stm/.dspboardsdk/gcc/bin/../lib/gcc/arm-none-eabi/10.3.1/thumb/v7e-m+fp/hard/crti.o
_global_impure_ptr                                e:/david/documentos/megasync/trabajo/stm/.dspboardsdk/gcc/bin/../lib/gcc/arm-none-eabi/10.3.1/../../../../arm-none-eabi/lib/thumb/v7e-m+fp/hard\libc_nano.a(lib_a-impure.o)
                                                  e:/david/documentos/megasync/trabajo/stm/.dspboardsdk/gcc/bin/../lib/gcc/arm-none-eabi/10.3.1/../../../../arm-none-eabi/lib/thumb/v7e-m+fp/hard\libc_nano.a(lib_a-exit.o)
_impure_ptr                                       e:/david/documentos/megasync/trabajo/stm/.dspboardsdk/gcc/bin/../lib/gcc/arm-none-eabi/10.3.1/../../../../arm-none-eabi/lib/thumb/v7e-m+fp/hard\libc_nano.a(lib_a-impure.o)
_init                                             e:/david/documentos/megasync/trabajo/stm/.dspboardsdk/gcc/bin/../lib/gcc/arm-none-eabi/10.3.1/thumb/v7e-m+fp/hard/crti.o
                                                  e:/david/documentos/megasync/trabajo/stm/.dspboardsdk/gcc/bin/../lib/gcc/arm-none-eabi/10.3.1/../../../../arm-none-eabi/lib/thumb/v7e-m+fp/hard\libc_nano.a(lib_a-init.o)
_mainCRTStartup                                   e:/david/documentos/megasync/trabajo/stm/.dspboardsdk/gcc/bin/../lib/gcc/arm-none-eabi/10.3.1/../../../../arm-none-eabi/lib/thumb/v7e-m+fp/hard/crt0.o
_sbss                                             build/Debug/startup_stm32f407xx.o
_sccmbbs                                          build/Debug/startup_stm32f407xx.o
_sccmbss                                          build/Debug/startup_stm32f407xx.o
_sccmdata                                         build/Debug/startup_stm32f407xx.o
_sdata                                            build/Debug/startup_stm32f407xx.o
_siccmdata                                        build/Debug/startup_stm32f407xx.o
_sidata                                           build/Debug/startup_stm32f407xx.o
_stack_init                                       e:/david/documentos/megasync/trabajo/stm/.dspboardsdk/gcc/bin/../lib/gcc/arm-none-eabi/10.3.1/../../../../arm-none-eabi/lib/thumb/v7e-m+fp/hard/crt0.o
_start                                            e:/david/documentos/megasync/trabajo/stm/.dspboardsdk/gcc/bin/../lib/gcc/arm-none-eabi/10.3.1/../../../../arm-none-eabi/lib/thumb/v7e-m+fp/hard/crt0.o
atexit                                            e:/david/documentos/megasync/trabajo/stm/.dspboardsdk/gcc/bin/../lib/gcc/arm-none-eabi/10.3.1/../../../../arm-none-eabi/lib/thumb/v7e-m+fp/hard/crt0.o
delay_init                                        build/lib/Debug\libdelay.a(delay.o)
                                                  build/lib/Debug\libflash.a(flash.o)
                                                  build/lib/Debug\librcc.a(rcc.o)
                                                  build/lib/Debug\libgpio.a(gpio.o)
                                                  build/Debug/main.o
delay_ms                                          build/lib/Debug\libdelay.a(delay.o)
                                                  build/Debug/main.o
exit                                              e:/david/documentos/megasync/trabajo/stm/.dspboardsdk/gcc/bin/../lib/gcc/arm-none-eabi/10.3.1/../../../../arm-none-eabi/lib/thumb/v7e-m+fp/hard\libc_nano.a(lib_a-exit.o)
                                                  e:/david/documentos/megasync/trabajo/stm/.dspboardsdk/gcc/bin/../lib/gcc/arm-none-eabi/10.3.1/../../../../arm-none-eabi/lib/thumb/v7e-m+fp/hard/crt0.o
flash_acr_config_auto                             build/lib/Debug\libflash.a(flash.o)
                                                  build/lib/Debug\librcc.a(rcc.o)
g_pfnVectors                                      build/Debug/startup_stm32f407xx.o
gpio_config_af                                    build/lib/Debug\libgpio.a(gpio.o)
gpio_config_all                                   build/lib/Debug\libgpio.a(gpio.o)
gpio_config_input_pull_mode                       build/lib/Debug\libgpio.a(gpio.o)
gpio_config_lock                                  build/lib/Debug\libgpio.a(gpio.o)
gpio_config_mode                                  build/lib/Debug\libgpio.a(gpio.o)
                                                  build/Debug/main.o
gpio_config_speed                                 build/lib/Debug\libgpio.a(gpio.o)
                                                  build/Debug/main.o
hardware_init_hook                                e:/david/documentos/megasync/trabajo/stm/.dspboardsdk/gcc/bin/../lib/gcc/arm-none-eabi/10.3.1/../../../../arm-none-eabi/lib/thumb/v7e-m+fp/hard/crt0.o
main                                              build/Debug/main.o
                                                  build/Debug/startup_stm32f407xx.o
                                                  e:/david/documentos/megasync/trabajo/stm/.dspboardsdk/gcc/bin/../lib/gcc/arm-none-eabi/10.3.1/../../../../arm-none-eabi/lib/thumb/v7e-m+fp/hard/crt0.o
memset                                            e:/david/documentos/megasync/trabajo/stm/.dspboardsdk/gcc/bin/../lib/gcc/arm-none-eabi/10.3.1/../../../../arm-none-eabi/lib/thumb/v7e-m+fp/hard\libc_nano.a(lib_a-memset.o)
                                                  e:/david/documentos/megasync/trabajo/stm/.dspboardsdk/gcc/bin/../lib/gcc/arm-none-eabi/10.3.1/../../../../arm-none-eabi/lib/thumb/v7e-m+fp/hard/crt0.o
rcc_pll_param_clr                                 build/lib/Debug\librcc.a(rcc.o)
                                                  build/Debug/main.o
rcc_pll_param_cpte                                build/lib/Debug\librcc.a(rcc.o)
                                                  build/Debug/main.o
rcc_pll_param_set                                 build/lib/Debug\librcc.a(rcc.o)
                                                  build/Debug/main.o
rcc_sysclk_select                                 build/lib/Debug\librcc.a(rcc.o)
                                                  build/Debug/main.o
software_init_hook                                e:/david/documentos/megasync/trabajo/stm/.dspboardsdk/gcc/bin/../lib/gcc/arm-none-eabi/10.3.1/../../../../arm-none-eabi/lib/thumb/v7e-m+fp/hard/crt0.o
system_clk                                        build/lib/Debug\librcc.a(rcc.o)
